Archive member included to satisfy reference by file (symbol)

z:/softwares/open_stm/intallation/plugins/fr.ac6.mcu.externaltools.arm-none.win32_1.17.0.201812190825/tools/compiler/bin/../lib/gcc/arm-none-eabi/7.3.1/../../../../arm-none-eabi/lib/thumb/v7e-m/fpv4-sp/hard\libc.a(lib_a-errno.o)
                              src/syscalls.o (__errno)
z:/softwares/open_stm/intallation/plugins/fr.ac6.mcu.externaltools.arm-none.win32_1.17.0.201812190825/tools/compiler/bin/../lib/gcc/arm-none-eabi/7.3.1/../../../../arm-none-eabi/lib/thumb/v7e-m/fpv4-sp/hard\libc.a(lib_a-exit.o)
                              z:/softwares/open_stm/intallation/plugins/fr.ac6.mcu.externaltools.arm-none.win32_1.17.0.201812190825/tools/compiler/bin/../lib/gcc/arm-none-eabi/7.3.1/../../../../arm-none-eabi/lib/thumb/v7e-m/fpv4-sp/hard/crt0.o (exit)
z:/softwares/open_stm/intallation/plugins/fr.ac6.mcu.externaltools.arm-none.win32_1.17.0.201812190825/tools/compiler/bin/../lib/gcc/arm-none-eabi/7.3.1/../../../../arm-none-eabi/lib/thumb/v7e-m/fpv4-sp/hard\libc.a(lib_a-impure.o)
                              z:/softwares/open_stm/intallation/plugins/fr.ac6.mcu.externaltools.arm-none.win32_1.17.0.201812190825/tools/compiler/bin/../lib/gcc/arm-none-eabi/7.3.1/../../../../arm-none-eabi/lib/thumb/v7e-m/fpv4-sp/hard\libc.a(lib_a-exit.o) (_global_impure_ptr)
z:/softwares/open_stm/intallation/plugins/fr.ac6.mcu.externaltools.arm-none.win32_1.17.0.201812190825/tools/compiler/bin/../lib/gcc/arm-none-eabi/7.3.1/../../../../arm-none-eabi/lib/thumb/v7e-m/fpv4-sp/hard\libc.a(lib_a-init.o)
                              z:/softwares/open_stm/intallation/plugins/fr.ac6.mcu.externaltools.arm-none.win32_1.17.0.201812190825/tools/compiler/bin/../lib/gcc/arm-none-eabi/7.3.1/../../../../arm-none-eabi/lib/thumb/v7e-m/fpv4-sp/hard/crt0.o (__libc_init_array)
z:/softwares/open_stm/intallation/plugins/fr.ac6.mcu.externaltools.arm-none.win32_1.17.0.201812190825/tools/compiler/bin/../lib/gcc/arm-none-eabi/7.3.1/../../../../arm-none-eabi/lib/thumb/v7e-m/fpv4-sp/hard\libc.a(lib_a-memcmp.o)
                              3rd_Party/SEGGER/OS/SEGGER_SYSVIEW_FreeRTOS.o (memcmp)
z:/softwares/open_stm/intallation/plugins/fr.ac6.mcu.externaltools.arm-none.win32_1.17.0.201812190825/tools/compiler/bin/../lib/gcc/arm-none-eabi/7.3.1/../../../../arm-none-eabi/lib/thumb/v7e-m/fpv4-sp/hard\libc.a(lib_a-memcpy.o)
                              3rd_Party/SEGGER/SEGGER/SEGGER_RTT.o (memcpy)
z:/softwares/open_stm/intallation/plugins/fr.ac6.mcu.externaltools.arm-none.win32_1.17.0.201812190825/tools/compiler/bin/../lib/gcc/arm-none-eabi/7.3.1/../../../../arm-none-eabi/lib/thumb/v7e-m/fpv4-sp/hard\libc.a(lib_a-memset.o)
                              z:/softwares/open_stm/intallation/plugins/fr.ac6.mcu.externaltools.arm-none.win32_1.17.0.201812190825/tools/compiler/bin/../lib/gcc/arm-none-eabi/7.3.1/../../../../arm-none-eabi/lib/thumb/v7e-m/fpv4-sp/hard/crt0.o (memset)
z:/softwares/open_stm/intallation/plugins/fr.ac6.mcu.externaltools.arm-none.win32_1.17.0.201812190825/tools/compiler/bin/../lib/gcc/arm-none-eabi/7.3.1/../../../../arm-none-eabi/lib/thumb/v7e-m/fpv4-sp/hard\libc.a(lib_a-sprintf.o)
                              src/main.o (sprintf)
z:/softwares/open_stm/intallation/plugins/fr.ac6.mcu.externaltools.arm-none.win32_1.17.0.201812190825/tools/compiler/bin/../lib/gcc/arm-none-eabi/7.3.1/../../../../arm-none-eabi/lib/thumb/v7e-m/fpv4-sp/hard\libc.a(lib_a-strlen.o)
                              3rd_Party/SEGGER/SEGGER/SEGGER_RTT.o (strlen)
z:/softwares/open_stm/intallation/plugins/fr.ac6.mcu.externaltools.arm-none.win32_1.17.0.201812190825/tools/compiler/bin/../lib/gcc/arm-none-eabi/7.3.1/../../../../arm-none-eabi/lib/thumb/v7e-m/fpv4-sp/hard\libc.a(lib_a-svfprintf.o)
                              z:/softwares/open_stm/intallation/plugins/fr.ac6.mcu.externaltools.arm-none.win32_1.17.0.201812190825/tools/compiler/bin/../lib/gcc/arm-none-eabi/7.3.1/../../../../arm-none-eabi/lib/thumb/v7e-m/fpv4-sp/hard\libc.a(lib_a-sprintf.o) (_svfprintf_r)
z:/softwares/open_stm/intallation/plugins/fr.ac6.mcu.externaltools.arm-none.win32_1.17.0.201812190825/tools/compiler/bin/../lib/gcc/arm-none-eabi/7.3.1/../../../../arm-none-eabi/lib/thumb/v7e-m/fpv4-sp/hard\libc.a(lib_a-__call_atexit.o)
                              z:/softwares/open_stm/intallation/plugins/fr.ac6.mcu.externaltools.arm-none.win32_1.17.0.201812190825/tools/compiler/bin/../lib/gcc/arm-none-eabi/7.3.1/../../../../arm-none-eabi/lib/thumb/v7e-m/fpv4-sp/hard\libc.a(lib_a-exit.o) (__call_exitprocs)
z:/softwares/open_stm/intallation/plugins/fr.ac6.mcu.externaltools.arm-none.win32_1.17.0.201812190825/tools/compiler/bin/../lib/gcc/arm-none-eabi/7.3.1/../../../../arm-none-eabi/lib/thumb/v7e-m/fpv4-sp/hard\libc.a(lib_a-atexit.o)
[...]
Memory Configuration

Name             Origin             Length             Attributes
RAM              0x20000000         0x00020000         xrw
ROM              0x08000000         0x00080000         xr
*default*        0x00000000         0xffffffff

Linker script and memory map

LOAD z:/softwares/open_stm/intallation/plugins/fr.ac6.mcu.externaltools.arm-none.win32_1.17.0.201812190825/tools/compiler/bin/../lib/gcc/arm-none-eabi/7.3.1/thumb/v7e-m/fpv4-sp/hard/crti.o
LOAD z:/softwares/open_stm/intallation/plugins/fr.ac6.mcu.externaltools.arm-none.win32_1.17.0.201812190825/tools/compiler/bin/../lib/gcc/arm-none-eabi/7.3.1/thumb/v7e-m/fpv4-sp/hard/crtbegin.o
LOAD z:/softwares/open_stm/intallation/plugins/fr.ac6.mcu.externaltools.arm-none.win32_1.17.0.201812190825/tools/compiler/bin/../lib/gcc/arm-none-eabi/7.3.1/../../../../arm-none-eabi/lib/thumb/v7e-m/fpv4-sp/hard/crt0.o
LOAD 3rd_Party/SEGGER/Config/SEGGER_SYSVIEW_Config_FreeRTOS.o
LOAD 3rd_Party/SEGGER/OS/SEGGER_SYSVIEW_FreeRTOS.o
LOAD 3rd_Party/SEGGER/SEGGER/SEGGER_RTT.o
LOAD 3rd_Party/SEGGER/SEGGER/SEGGER_SYSVIEW.o
LOAD 3rd_Party/freeRTOS/org/Source/croutine.o
LOAD 3rd_Party/freeRTOS/org/Source/event_groups.o
LOAD 3rd_Party/freeRTOS/org/Source/list.o
LOAD 3rd_Party/freeRTOS/org/Source/queue.o
LOAD 3rd_Party/freeRTOS/org/Source/stream_buffer.o
LOAD 3rd_Party/freeRTOS/org/Source/tasks.o
LOAD 3rd_Party/freeRTOS/org/Source/timers.o
LOAD 3rd_Party/freeRTOS/org/Source/portable/GCC/ARM_CM4F/port.o
LOAD 3rd_Party/freeRTOS/org/Source/portable/MemMang/heap_4.o
LOAD StdPeriph_Driver/src/misc.o
LOAD StdPeriph_Driver/src/stm32f4xx_adc.o
LOAD StdPeriph_Driver/src/stm32f4xx_can.o
LOAD StdPeriph_Driver/src/stm32f4xx_cec.o
LOAD StdPeriph_Driver/src/stm32f4xx_crc.o
LOAD StdPeriph_Driver/src/stm32f4xx_cryp.o
LOAD StdPeriph_Driver/src/stm32f4xx_cryp_aes.o
LOAD StdPeriph_Driver/src/stm32f4xx_cryp_des.o
LOAD StdPeriph_Driver/src/stm32f4xx_cryp_tdes.o
LOAD StdPeriph_Driver/src/stm32f4xx_dac.o
LOAD StdPeriph_Driver/src/stm32f4xx_dbgmcu.o
LOAD StdPeriph_Driver/src/stm32f4xx_dcmi.o
LOAD StdPeriph_Driver/src/stm32f4xx_dfsdm.o
LOAD StdPeriph_Driver/src/stm32f4xx_dma.o
LOAD StdPeriph_Driver/src/stm32f4xx_dma2d.o
LOAD StdPeriph_Driver/src/stm32f4xx_dsi.o
LOAD StdPeriph_Driver/src/stm32f4xx_exti.o
LOAD StdPeriph_Driver/src/stm32f4xx_flash.o
LOAD StdPeriph_Driver/src/stm32f4xx_flash_ramfunc.o
LOAD StdPeriph_Driver/src/stm32f4xx_fmc.o
LOAD StdPeriph_Driver/src/stm32f4xx_fmip2c.o
LOAD StdPeriph_Driver/src/stm32f4xx_fsmc.o
LOAD StdPeriph_Driver/src/stm32f4xx_gpio.o
LOAD StdPeriph_Driver/src/stm32f4xx_hash.o
LOAD StdPeriph_Driver/src/stm32f4xx_hash_md5.o
LOAD StdPeriph_Driver/src/stm32f4xx_hash_sha1.o
LOAD StdPeriph_Driver/src/stm32f4xx_i2c.o
LOAD StdPeriph_Driver/src/stm32f4xx_iwdg.o
LOAD StdPeriph_Driver/src/stm32f4xx_lptim.o
LOAD StdPeriph_Driver/src/stm32f4xx_ltdc.o
LOAD StdPeriph_Driver/src/stm32f4xx_pwr.o
LOAD StdPeriph_Driver/src/stm32f4xx_qspi.o
LOAD StdPeriph_Driver/src/stm32f4xx_rcc.o
LOAD StdPeriph_Driver/src/stm32f4xx_rng.o
LOAD StdPeriph_Driver/src/stm32f4xx_rtc.o
LOAD StdPeriph_Driver/src/stm32f4xx_sai.o
LOAD StdPeriph_Driver/src/stm32f4xx_sdio.o
LOAD StdPeriph_Driver/src/stm32f4xx_spdifrx.o
LOAD StdPeriph_Driver/src/stm32f4xx_spi.o
LOAD StdPeriph_Driver/src/stm32f4xx_syscfg.o
LOAD StdPeriph_Driver/src/stm32f4xx_tim.o
LOAD StdPeriph_Driver/src/stm32f4xx_usart.o
LOAD StdPeriph_Driver/src/stm32f4xx_wwdg.o
LOAD src/main.o
LOAD src/syscalls.o
LOAD src/system_stm32f4xx.o
LOAD startup/startup_stm32.o
LOAD z:/softwares/open_stm/intallation/plugins/fr.ac6.mcu.externaltools.arm-none.win32_1.17.0.201812190825/tools/compiler/bin/../lib/gcc/arm-none-eabi/7.3.1/../../../../arm-none-eabi/lib/thumb/v7e-m/fpv4-sp/hard\libm.a
START GROUP
LOAD z:/softwares/open_stm/intallation/plugins/fr.ac6.mcu.externaltools.arm-none.win32_1.17.0.201812190825/tools/compiler/bin/../lib/gcc/arm-none-eabi/7.3.1/thumb/v7e-m/fpv4-sp/hard\libgcc.a
LOAD z:/softwares/open_stm/intallation/plugins/fr.ac6.mcu.externaltools.arm-none.win32_1.17.0.201812190825/tools/compiler/bin/../lib/gcc/arm-none-eabi/7.3.1/../../../../arm-none-eabi/lib/thumb/v7e-m/fpv4-sp/hard\libc.a
END GROUP
LOAD z:/softwares/open_stm/intallation/plugins/fr.ac6.mcu.externaltools.arm-none.win32_1.17.0.201812190825/tools/compiler/bin/../lib/gcc/arm-none-eabi/7.3.1/thumb/v7e-m/fpv4-sp/hard/crtend.o
LOAD z:/softwares/open_stm/intallation/plugins/fr.ac6.mcu.externaltools.arm-none.win32_1.17.0.201812190825/tools/compiler/bin/../lib/gcc/arm-none-eabi/7.3.1/thumb/v7e-m/fpv4-sp/hard/crtn.o
                0x20020000                _estack = 0x20020000
                0x00000000                _Min_Heap_Size = 0x0
                0x00000400                _Min_Stack_Size = 0x400

.isr_vector     0x08000000      0x1c4
                0x08000000                . = ALIGN (0x4)
 *(.isr_vector)
 .isr_vector    0x08000000      0x1c4 startup/startup_stm32.o
                0x08000000                g_pfnVectors
                0x080001c4                . = ALIGN (0x4)

.text           0x08000200     0x8d04
                0x08000200                . = ALIGN (0x4)
 *(.text)
 .text          0x08000200       0x40 z:/softwares/open_stm/intallation/plugins/fr.ac6.mcu.externaltools.arm-none.win32_1.17.0.201812190825/tools/compiler/bin/../lib/gcc/arm-none-eabi/7.3.1/thumb/v7e-m/fpv4-sp/hard/crtbegin.o
 .text          0x08000240      0x134 z:/softwares/open_stm/intallation/plugins/fr.ac6.mcu.externaltools.arm-none.win32_1.17.0.201812190825/tools/compiler/bin/../lib/gcc/arm-none-eabi/7.3.1/../../../../arm-none-eabi/lib/thumb/v7e-m/fpv4-sp/hard\libc.a(lib_a-memcpy.o)
                0x08000240                memcpy
 *fill*         0x08000374        0xc 
 .text          0x08000380       0xdc z:/softwares/open_stm/intallation/plugins/fr.ac6.mcu.externaltools.arm-none.win32_1.17.0.201812190825/tools/compiler/bin/../lib/gcc/arm-none-eabi/7.3.1/../../../../arm-none-eabi/lib/thumb/v7e-m/fpv4-sp/hard\libc.a(lib_a-strlen.o)
                0x08000380                strlen
 *fill*         0x0800045c        0x4 
 .text          0x08000460       0xa0 z:/softwares/open_stm/intallation/plugins/fr.ac6.mcu.externaltools.arm-none.win32_1.17.0.201812190825/tools/compiler/bin/../lib/gcc/arm-none-eabi/7.3.1/../../../../arm-none-eabi/lib/thumb/v7e-m/fpv4-sp/hard\libc.a(lib_a-memchr.o)
                0x08000460                memchr
 .text          0x08000500      0x378 z:/softwares/open_stm/intallation/plugins/fr.ac6.mcu.externaltools.arm-none.win32_1.17.0.201812190825/tools/compiler/bin/../lib/gcc/arm-none-eabi/7.3.1/thumb/v7e-m/fpv4-sp/hard\libgcc.a(_arm_addsubdf3.o)
                0x08000500                __aeabi_drsub
                0x08000508                __aeabi_dsub
                0x08000508                __subdf3
                0x0800050c                __aeabi_dadd
                0x0800050c                __adddf3
                0x08000784                __floatunsidf
                0x08000784                __aeabi_ui2d
                0x080007a4                __floatsidf
                0x080007a4                __aeabi_i2d
                0x080007c8                __aeabi_f2d
                0x080007c8                __extendsfdf2
                0x0800080c                __floatundidf
                0x0800080c                __aeabi_ul2d
                0x0800081c                __floatdidf
                0x0800081c                __aeabi_l2d
 .text          0x08000878      0x424 z:/softwares/open_stm/intallation/plugins/fr.ac6.mcu.externaltools.arm-none.win32_1.17.0.201812190825/tools/compiler/bin/../lib/gcc/arm-none-eabi/7.3.1/thumb/v7e-m/fpv4-sp/hard\libgcc.a(_arm_muldivdf3.o)
                0x08000878                __aeabi_dmul
                0x08000878                __muldf3
                0x08000acc                __divdf3
                0x08000acc                __aeabi_ddiv
 .text          0x08000c9c      0x110 z:/softwares/open_stm/intallation/plugins/fr.ac6.mcu.externaltools.arm-none.win32_1.17.0.201812190825/tools/compiler/bin/../lib/gcc/arm-none-eabi/7.3.1/thumb/v7e-m/fpv4-sp/hard\libgcc.a(_arm_cmpdf2.o)
                0x08000c9c                __gtdf2
                0x08000c9c                __gedf2
                0x08000ca4                __ltdf2
                0x08000ca4                __ledf2
                0x08000cac                __nedf2
                0x08000cac                __eqdf2
                0x08000cac                __cmpdf2
                0x08000d28                __aeabi_cdrcmple
                0x08000d38                __aeabi_cdcmpeq
                0x08000d38                __aeabi_cdcmple
                0x08000d48                __aeabi_dcmpeq
                0x08000d5c                __aeabi_dcmplt
                0x08000d70                __aeabi_dcmple
                0x08000d84                __aeabi_dcmpge
                0x08000d98                __aeabi_dcmpgt
 .text          0x08000dac       0x2c z:/softwares/open_stm/intallation/plugins/fr.ac6.mcu.externaltools.arm-none.win32_1.17.0.201812190825/tools/compiler/bin/../lib/gcc/arm-none-eabi/7.3.1/thumb/v7e-m/fpv4-sp/hard\libgcc.a(_arm_unorddf2.o)
                0x08000dac                __unorddf2
                0x08000dac                __aeabi_dcmpun
 .text          0x08000dd8       0x50 z:/softwares/open_stm/intallation/plugins/fr.ac6.mcu.externaltools.arm-none.win32_1.17.0.201812190825/tools/compiler/bin/../lib/gcc/arm-none-eabi/7.3.1/thumb/v7e-m/fpv4-sp/hard\libgcc.a(_arm_fixdfsi.o)
                0x08000dd8                __aeabi_d2iz
                0x08000dd8                __fixdfsi
 .text          0x08000e28       0x30 z:/softwares/open_stm/intallation/plugins/fr.ac6.mcu.externaltools.arm-none.win32_1.17.0.201812190825/tools/compiler/bin/../lib/gcc/arm-none-eabi/7.3.1/thumb/v7e-m/fpv4-sp/hard\libgcc.a(_aeabi_uldivmod.o)
                0x08000e28                __aeabi_uldivmod
 .text          0x08000e58      0x2cc z:/softwares/open_stm/intallation/plugins/fr.ac6.mcu.externaltools.arm-none.win32_1.17.0.201812190825/tools/compiler/bin/../lib/gcc/arm-none-eabi/7.3.1/thumb/v7e-m/fpv4-sp/hard\libgcc.a(_udivmoddi4.o)
                0x08000e58                __udivmoddi4
 .text          0x08001124        0x4 z:/softwares/open_stm/intallation/plugins/fr.ac6.mcu.externaltools.arm-none.win32_1.17.0.201812190825/tools/compiler/bin/../lib/gcc/arm-none-eabi/7.3.1/thumb/v7e-m/fpv4-sp/hard\libgcc.a(_dvmd_tls.o)
                0x08001124                __aeabi_idiv0
                0x08001124                __aeabi_ldiv0
 *(.text*)
 .text._cbSendSystemDesc
                0x08001128       0x1c 3rd_Party/SEGGER/Config/SEGGER_SYSVIEW_Config_FreeRTOS.o
 .text.SEGGER_SYSVIEW_Conf
                0x08001144       0x2c 3rd_Party/SEGGER/Config/SEGGER_SYSVIEW_Config_FreeRTOS.o
                0x08001144                SEGGER_SYSVIEW_Conf
 .text._cbSendTaskList
                0x08001170       0x90 3rd_Party/SEGGER/OS/SEGGER_SYSVIEW_FreeRTOS.o
 .text._cbGetTime
                0x08001200       0x76 3rd_Party/SEGGER/OS/SEGGER_SYSVIEW_FreeRTOS.o
 *fill*         0x08001276        0x2 
 .text.SYSVIEW_AddTask
                0x08001278       0xd0 3rd_Party/SEGGER/OS/SEGGER_SYSVIEW_FreeRTOS.o
                0x08001278                SYSVIEW_AddTask
 .text.SYSVIEW_SendTaskInfo
                0x08001348       0x42 3rd_Party/SEGGER/OS/SEGGER_SYSVIEW_FreeRTOS.o
                0x08001348                SYSVIEW_SendTaskInfo
 *fill*         0x0800138a        0x2 
 .text._DoInit  0x0800138c       0xa4 3rd_Party/SEGGER/SEGGER/SEGGER_RTT.o
 .text.SEGGER_RTT_ReadNoLock
                0x08001430      0x104 3rd_Party/SEGGER/SEGGER/SEGGER_RTT.o
                0x08001430                SEGGER_RTT_ReadNoLock
 .text.SEGGER_RTT_WriteSkipNoLock
                0x08001534      0x120 3rd_Party/SEGGER/SEGGER/SEGGER_RTT.o
                0x08001534                SEGGER_RTT_WriteSkipNoLock
 .text.SEGGER_RTT_ConfigUpBuffer
                0x08001654       0xd4 3rd_Party/SEGGER/SEGGER/SEGGER_RTT.o
                0x08001654                SEGGER_RTT_ConfigUpBuffer
 .text.SEGGER_RTT_ConfigDownBuffer
                0x08001728       0xd4 3rd_Party/SEGGER/SEGGER/SEGGER_RTT.o
                0x08001728                SEGGER_RTT_ConfigDownBuffer
 .text._EncodeStr
                0x080017fc       0x9a 3rd_Party/SEGGER/SEGGER/SEGGER_SYSVIEW.o
 .text._PreparePacket
                0x08001896       0x18 3rd_Party/SEGGER/SEGGER/SEGGER_SYSVIEW.o
 .text._HandleIncomingPacket
                0x080018ae       0xb8 3rd_Party/SEGGER/SEGGER/SEGGER_SYSVIEW.o
 *fill*         0x08001966        0x2 
 .text._TrySendOverflowPacket
                0x08001968       0xe0 3rd_Party/SEGGER/SEGGER/SEGGER_SYSVIEW.o
 .text._SendPacket
                0x08001a48      0x1a8 3rd_Party/SEGGER/SEGGER/SEGGER_SYSVIEW.o
 .text.SEGGER_SYSVIEW_Init
                0x08001bf0       0x7c 3rd_Party/SEGGER/SEGGER/SEGGER_SYSVIEW.o
                0x08001bf0                SEGGER_SYSVIEW_Init
 .text.SEGGER_SYSVIEW_SetRAMBase
                0x08001c6c       0x20 3rd_Party/SEGGER/SEGGER/SEGGER_SYSVIEW.o
                0x08001c6c                SEGGER_SYSVIEW_SetRAMBase
 .text.SEGGER_SYSVIEW_RecordVoid
                0x08001c8c       0x3c 3rd_Party/SEGGER/SEGGER/SEGGER_SYSVIEW.o
                0x08001c8c                SEGGER_SYSVIEW_RecordVoid
 .text.SEGGER_SYSVIEW_RecordU32
                0x08001cc8       0x78 3rd_Party/SEGGER/SEGGER/SEGGER_SYSVIEW.o
                0x08001cc8                SEGGER_SYSVIEW_RecordU32
 .text.SEGGER_SYSVIEW_RecordU32x2
                0x08001d40       0xb4 3rd_Party/SEGGER/SEGGER/SEGGER_SYSVIEW.o
                0x08001d40                SEGGER_SYSVIEW_RecordU32x2
 .text.SEGGER_SYSVIEW_RecordU32x4
                0x08001df4      0x124 3rd_Party/SEGGER/SEGGER/SEGGER_SYSVIEW.o
                0x08001df4                SEGGER_SYSVIEW_RecordU32x4
 .text.SEGGER_SYSVIEW_Start
                0x08001f18      0x178 3rd_Party/SEGGER/SEGGER/SEGGER_SYSVIEW.o
                0x08001f18                SEGGER_SYSVIEW_Start
 .text.SEGGER_SYSVIEW_Stop
                0x08002090       0x4c 3rd_Party/SEGGER/SEGGER/SEGGER_SYSVIEW.o
                0x08002090                SEGGER_SYSVIEW_Stop
 .text.SEGGER_SYSVIEW_GetSysDesc
                0x080020dc      0x134 3rd_Party/SEGGER/SEGGER/SEGGER_SYSVIEW.o
                0x080020dc                SEGGER_SYSVIEW_GetSysDesc
 .text.SEGGER_SYSVIEW_SendTaskInfo
                0x08002210      0x1cc 3rd_Party/SEGGER/SEGGER/SEGGER_SYSVIEW.o
                0x08002210                SEGGER_SYSVIEW_SendTaskInfo
 .text.SEGGER_SYSVIEW_SendTaskList
                0x080023dc       0x28 3rd_Party/SEGGER/SEGGER/SEGGER_SYSVIEW.o
                0x080023dc                SEGGER_SYSVIEW_SendTaskList
 .text.SEGGER_SYSVIEW_SendSysDesc
                0x08002404       0x48 3rd_Party/SEGGER/SEGGER/SEGGER_SYSVIEW.o
                0x08002404                SEGGER_SYSVIEW_SendSysDesc
 .text.SEGGER_SYSVIEW_RecordSystime
                0x0800244c       0x60 3rd_Party/SEGGER/SEGGER/SEGGER_SYSVIEW.o
                0x0800244c                SEGGER_SYSVIEW_RecordSystime
 .text.SEGGER_SYSVIEW_RecordEnterISR
                0x080024ac       0x84 3rd_Party/SEGGER/SEGGER/SEGGER_SYSVIEW.o
                0x080024ac                SEGGER_SYSVIEW_RecordEnterISR
 .text.SEGGER_SYSVIEW_RecordExitISR
                0x08002530       0x38 3rd_Party/SEGGER/SEGGER/SEGGER_SYSVIEW.o
                0x08002530                SEGGER_SYSVIEW_RecordExitISR
 .text.SEGGER_SYSVIEW_RecordExitISRToScheduler
                0x08002568       0x38 3rd_Party/SEGGER/SEGGER/SEGGER_SYSVIEW.o
                0x08002568                SEGGER_SYSVIEW_RecordExitISRToScheduler
 .text.SEGGER_SYSVIEW_OnIdle
                0x080025a0       0x38 3rd_Party/SEGGER/SEGGER/SEGGER_SYSVIEW.o
                0x080025a0                SEGGER_SYSVIEW_OnIdle
 .text.SEGGER_SYSVIEW_OnTaskCreate
                0x080025d8       0x88 3rd_Party/SEGGER/SEGGER/SEGGER_SYSVIEW.o
                0x080025d8                SEGGER_SYSVIEW_OnTaskCreate
 .text.SEGGER_SYSVIEW_OnTaskStartExec
                0x08002660       0x88 3rd_Party/SEGGER/SEGGER/SEGGER_SYSVIEW.o
                0x08002660                SEGGER_SYSVIEW_OnTaskStartExec
 .text.SEGGER_SYSVIEW_OnTaskStartReady
                0x080026e8       0x88 3rd_Party/SEGGER/SEGGER/SEGGER_SYSVIEW.o
                0x080026e8                SEGGER_SYSVIEW_OnTaskStartReady
 .text.SEGGER_SYSVIEW_OnTaskStopReady
                0x08002770       0xc0 3rd_Party/SEGGER/SEGGER/SEGGER_SYSVIEW.o
                0x08002770                SEGGER_SYSVIEW_OnTaskStopReady
 .text.SEGGER_SYSVIEW_ShrinkId
                0x08002830       0x24 3rd_Party/SEGGER/SEGGER/SEGGER_SYSVIEW.o
                0x08002830                SEGGER_SYSVIEW_ShrinkId
 .text.SEGGER_SYSVIEW_SendModule
                0x08002854      0x100 3rd_Party/SEGGER/SEGGER/SEGGER_SYSVIEW.o
                0x08002854                SEGGER_SYSVIEW_SendModule
 .text.SEGGER_SYSVIEW_SendModuleDescription
                0x08002954       0x3c 3rd_Party/SEGGER/SEGGER/SEGGER_SYSVIEW.o
                0x08002954                SEGGER_SYSVIEW_SendModuleDescription
 .text.SEGGER_SYSVIEW_SendNumModules
                0x08002990       0x7c 3rd_Party/SEGGER/SEGGER/SEGGER_SYSVIEW.o
                0x08002990                SEGGER_SYSVIEW_SendNumModules
 .text.SEGGER_SYSVIEW_Warn
                0x08002a0c       0xb8 3rd_Party/SEGGER/SEGGER/SEGGER_SYSVIEW.o
                0x08002a0c                SEGGER_SYSVIEW_Warn
 .text.vListInitialise
                0x08002ac4       0x40 3rd_Party/freeRTOS/org/Source/list.o
                0x08002ac4                vListInitialise
 .text.vListInitialiseItem
                0x08002b04       0x1a 3rd_Party/freeRTOS/org/Source/list.o
                0x08002b04                vListInitialiseItem
 .text.vListInsertEnd
                0x08002b1e       0x48 3rd_Party/freeRTOS/org/Source/list.o
                0x08002b1e                vListInsertEnd
 .text.vListInsert
                0x08002b66       0x72 3rd_Party/freeRTOS/org/Source/list.o
                0x08002b66                vListInsert
 .text.uxListRemove
                0x08002bd8       0x54 3rd_Party/freeRTOS/org/Source/list.o
                0x08002bd8                uxListRemove
 .text.xTaskCreate
                0x08002c2c       0x82 3rd_Party/freeRTOS/org/Source/tasks.o
                0x08002c2c                xTaskCreate
 .text.prvInitialiseNewTask
                0x08002cae      0x11c 3rd_Party/freeRTOS/org/Source/tasks.o
 *fill*         0x08002dca        0x2 
 .text.prvAddNewTaskToReadyList
                0x08002dcc      0x118 3rd_Party/freeRTOS/org/Source/tasks.o
 .text.vTaskStartScheduler
                0x08002ee4       0xac 3rd_Party/freeRTOS/org/Source/tasks.o
                0x08002ee4                vTaskStartScheduler
 .text.vTaskSuspendAll
                0x08002f90       0x1c 3rd_Party/freeRTOS/org/Source/tasks.o
                0x08002f90                vTaskSuspendAll
 .text.xTaskResumeAll
                0x08002fac      0x140 3rd_Party/freeRTOS/org/Source/tasks.o
                0x08002fac                xTaskResumeAll
 .text.xTaskGetTickCount
                0x080030ec       0x20 3rd_Party/freeRTOS/org/Source/tasks.o
                0x080030ec                xTaskGetTickCount
 .text.xTaskGetTickCountFromISR
                0x0800310c       0x24 3rd_Party/freeRTOS/org/Source/tasks.o
                0x0800310c                xTaskGetTickCountFromISR
 .text.xTaskIncrementTick
                0x08003130      0x178 3rd_Party/freeRTOS/org/Source/tasks.o
                0x08003130                xTaskIncrementTick
 .text.vTaskSwitchContext
                0x080032a8       0xd0 3rd_Party/freeRTOS/org/Source/tasks.o
                0x080032a8                vTaskSwitchContext
 .text.prvIdleTask
                0x08003378       0x30 3rd_Party/freeRTOS/org/Source/tasks.o
 .text.prvInitialiseTaskLists
                0x080033a8       0x80 3rd_Party/freeRTOS/org/Source/tasks.o
 .text.prvCheckTasksWaitingTermination
                0x08003428       0x58 3rd_Party/freeRTOS/org/Source/tasks.o
 .text.prvDeleteTCB
                0x08003480       0x20 3rd_Party/freeRTOS/org/Source/tasks.o
 .text.prvResetNextTaskUnblockTime
                0x080034a0       0x40 3rd_Party/freeRTOS/org/Source/tasks.o
 .text.xTaskNotifyWait
                0x080034e0       0xc8 3rd_Party/freeRTOS/org/Source/tasks.o
                0x080034e0                xTaskNotifyWait
 .text.xTaskGenericNotify
                0x080035a8      0x188 3rd_Party/freeRTOS/org/Source/tasks.o
                0x080035a8                xTaskGenericNotify
 .text.prvAddCurrentTaskToDelayedList
                0x08003730       0xf0 3rd_Party/freeRTOS/org/Source/tasks.o
 .text.pxPortInitialiseStack
                0x08003820       0x68 3rd_Party/freeRTOS/org/Source/portable/GCC/ARM_CM4F/port.o
                0x08003820                pxPortInitialiseStack
 .text.prvTaskExitError
                0x08003888       0x54 3rd_Party/freeRTOS/org/Source/portable/GCC/ARM_CM4F/port.o
 *fill*         0x080038dc        0x4 
 .text.SVC_Handler
                0x080038e0       0x28 3rd_Party/freeRTOS/org/Source/portable/GCC/ARM_CM4F/port.o
                0x080038e0                SVC_Handler
 .text.prvPortStartFirstTask
                0x08003908       0x28 3rd_Party/freeRTOS/org/Source/portable/GCC/ARM_CM4F/port.o
 .text.xPortStartScheduler
                0x08003930      0x13c 3rd_Party/freeRTOS/org/Source/portable/GCC/ARM_CM4F/port.o
                0x08003930                xPortStartScheduler
 .text.vPortEnterCritical
                0x08003a6c       0x5c 3rd_Party/freeRTOS/org/Source/portable/GCC/ARM_CM4F/port.o
                0x08003a6c                vPortEnterCritical
 .text.vPortExitCritical
                0x08003ac8       0x50 3rd_Party/freeRTOS/org/Source/portable/GCC/ARM_CM4F/port.o
                0x08003ac8                vPortExitCritical
 *fill*         0x08003b18        0x8 
 .text.PendSV_Handler
                0x08003b20       0x68 3rd_Party/freeRTOS/org/Source/portable/GCC/ARM_CM4F/port.o
                0x08003b20                PendSV_Handler
 .text.SysTick_Handler
                0x08003b88       0x50 3rd_Party/freeRTOS/org/Source/portable/GCC/ARM_CM4F/port.o
                0x08003b88                SysTick_Handler
 .text.vPortSetupTimerInterrupt
                0x08003bd8       0x48 3rd_Party/freeRTOS/org/Source/portable/GCC/ARM_CM4F/port.o
                0x08003bd8                vPortSetupTimerInterrupt
 .text.vPortEnableVFP
                0x08003c20       0x14 3rd_Party/freeRTOS/org/Source/portable/GCC/ARM_CM4F/port.o
 .text.vPortValidateInterruptPriority
                0x08003c34       0x7c 3rd_Party/freeRTOS/org/Source/portable/GCC/ARM_CM4F/port.o
                0x08003c34                vPortValidateInterruptPriority
 .text.pvPortMalloc
                0x08003cb0      0x184 3rd_Party/freeRTOS/org/Source/portable/MemMang/heap_4.o
                0x08003cb0                pvPortMalloc
 .text.vPortFree
                0x08003e34       0xb0 3rd_Party/freeRTOS/org/Source/portable/MemMang/heap_4.o
                0x08003e34                vPortFree
 .text.prvHeapInit
                0x08003ee4       0xc4 3rd_Party/freeRTOS/org/Source/portable/MemMang/heap_4.o
 .text.prvInsertBlockIntoFreeList
                0x08003fa8       0xb4 3rd_Party/freeRTOS/org/Source/portable/MemMang/heap_4.o
 .text.GPIO_Init
                0x0800405c      0x11c StdPeriph_Driver/src/stm32f4xx_gpio.o
                0x0800405c                GPIO_Init
 .text.GPIO_ReadInputDataBit
                0x08004178       0x34 StdPeriph_Driver/src/stm32f4xx_gpio.o
                0x08004178                GPIO_ReadInputDataBit
 .text.GPIO_ToggleBits
                0x080041ac       0x24 StdPeriph_Driver/src/stm32f4xx_gpio.o
                0x080041ac                GPIO_ToggleBits
 .text.GPIO_PinAFConfig
                0x080041d0       0x92 StdPeriph_Driver/src/stm32f4xx_gpio.o
                0x080041d0                GPIO_PinAFConfig
 *fill*         0x08004262        0x2 
 .text.RCC_DeInit
                0x08004264       0x70 StdPeriph_Driver/src/stm32f4xx_rcc.o
                0x08004264                RCC_DeInit
 .text.RCC_GetClocksFreq
                0x080042d4      0x1f4 StdPeriph_Driver/src/stm32f4xx_rcc.o
                0x080042d4                RCC_GetClocksFreq
 .text.RCC_AHB1PeriphClockCmd
                0x080044c8       0x40 StdPeriph_Driver/src/stm32f4xx_rcc.o
                0x080044c8                RCC_AHB1PeriphClockCmd
 .text.RCC_APB1PeriphClockCmd
                0x08004508       0x40 StdPeriph_Driver/src/stm32f4xx_rcc.o
                0x08004508                RCC_APB1PeriphClockCmd
 .text.RCC_APB2PeriphClockCmd
                0x08004548       0x40 StdPeriph_Driver/src/stm32f4xx_rcc.o
                0x08004548                RCC_APB2PeriphClockCmd
 .text.USART_Init
                0x08004588      0x174 StdPeriph_Driver/src/stm32f4xx_usart.o
                0x08004588                USART_Init
 .text.USART_Cmd
                0x080046fc       0x40 StdPeriph_Driver/src/stm32f4xx_usart.o
                0x080046fc                USART_Cmd
 .text.USART_SendData
                0x0800473c       0x24 StdPeriph_Driver/src/stm32f4xx_usart.o
                0x0800473c                USART_SendData
 .text.USART_GetFlagStatus
                0x08004760       0x38 StdPeriph_Driver/src/stm32f4xx_usart.o
                0x08004760                USART_GetFlagStatus
 .text.main     0x08004798       0xa0 src/main.o
                0x08004798                main
 .text.vtask_led_handler
                0x08004838       0x4c src/main.o
                0x08004838                vtask_led_handler
 .text.vtask_button_handler
                0x08004884       0x38 src/main.o
                0x08004884                vtask_button_handler
 .text.prvSetupUart
                0x080048bc       0xa4 src/main.o
 .text.prvSetupGpio
                0x08004960       0x70 src/main.o
                0x08004960                prvSetupGpio
 .text.prvSetupHardware
                0x080049d0       0x10 src/main.o
 .text.printmsg
                0x080049e0       0x60 src/main.o
                0x080049e0                printmsg
 .text.rtos_delay
                0x08004a40       0x40 src/main.o
                0x08004a40                rtos_delay
 .text._sbrk    0x08004a80       0x58 src/syscalls.o
                0x08004a80                _sbrk
 .text.SystemInit
                0x08004ad8       0x6c src/system_stm32f4xx.o
                0x08004ad8                SystemInit
 .text.SystemCoreClockUpdate
                0x08004b44      0x19c src/system_stm32f4xx.o
                0x08004b44                SystemCoreClockUpdate
 .text.SetSysClock
                0x08004ce0      0x12c src/system_stm32f4xx.o
 .text.Reset_Handler
                0x08004e0c       0x50 startup/startup_stm32.o
                0x08004e0c                Reset_Handler
 .text.Default_Handler
                0x08004e5c        0x2 startup/startup_stm32.o
                0x08004e5c                RTC_Alarm_IRQHandler
                0x08004e5c                EXTI2_IRQHandler
                0x08004e5c                TIM8_CC_IRQHandler
                0x08004e5c                SPDIF_Rx_IRQHandler
                0x08004e5c                DebugMon_Handler
                0x08004e5c                SPI4_IRQHandler
                0x08004e5c                TIM1_CC_IRQHandler
                0x08004e5c                QuadSPI_IRQHandler
                0x08004e5c                DMA2_Stream5_IRQHandler
                0x08004e5c                HardFault_Handler
                0x08004e5c                DMA1_Stream5_IRQHandler
                0x08004e5c                PVD_IRQHandler
                0x08004e5c                SDIO_IRQHandler
                0x08004e5c                TAMP_STAMP_IRQHandler
                0x08004e5c                NMI_Handler
                0x08004e5c                CAN2_RX1_IRQHandler
                0x08004e5c                EXTI3_IRQHandler
                0x08004e5c                TIM8_TRG_COM_TIM14_IRQHandler
                0x08004e5c                TIM1_UP_TIM10_IRQHandler
                0x08004e5c                FMPI2C1_error_IRQHandler
                0x08004e5c                TIM8_UP_TIM13_IRQHandler
                0x08004e5c                I2C3_ER_IRQHandler
                0x08004e5c                EXTI0_IRQHandler
                0x08004e5c                I2C2_EV_IRQHandler
                0x08004e5c                DMA1_Stream2_IRQHandler
                0x08004e5c                CAN1_RX0_IRQHandler
                0x08004e5c                FPU_IRQHandler
                0x08004e5c                OTG_HS_WKUP_IRQHandler
                0x08004e5c                UsageFault_Handler
                0x08004e5c                CAN2_SCE_IRQHandler
                0x08004e5c                DMA2_Stream2_IRQHandler
                0x08004e5c                SPI1_IRQHandler
                0x08004e5c                TIM6_DAC_IRQHandler
                0x08004e5c                TIM1_BRK_TIM9_IRQHandler
                0x08004e5c                DCMI_IRQHandler
                0x08004e5c                CAN2_RX0_IRQHandler
                0x08004e5c                DMA2_Stream3_IRQHandler
                0x08004e5c                FMPI2C1_IRQHandler
                0x08004e5c                SAI2_IRQHandler
                0x08004e5c                USART6_IRQHandler
                0x08004e5c                USART3_IRQHandler
                0x08004e5c                CAN1_RX1_IRQHandler
                0x08004e5c                UART5_IRQHandler
                0x08004e5c                DMA2_Stream0_IRQHandler
                0x08004e5c                TIM4_IRQHandler
                0x08004e5c                I2C1_EV_IRQHandler
                0x08004e5c                HDMI_CEC_IRQHandler
                0x08004e5c                DMA1_Stream6_IRQHandler
                0x08004e5c                DMA1_Stream1_IRQHandler
                0x08004e5c                UART4_IRQHandler
                0x08004e5c                TIM3_IRQHandler
                0x08004e5c                RCC_IRQHandler
                0x08004e5c                TIM8_BRK_TIM12_IRQHandler
                0x08004e5c                Default_Handler
                0x08004e5c                EXTI15_10_IRQHandler
                0x08004e5c                ADC_IRQHandler
                0x08004e5c                DMA1_Stream7_IRQHandler
                0x08004e5c                TIM7_IRQHandler
                0x08004e5c                CAN2_TX_IRQHandler
                0x08004e5c                TIM5_IRQHandler
                0x08004e5c                DMA2_Stream7_IRQHandler
                0x08004e5c                I2C3_EV_IRQHandler
                0x08004e5c                EXTI9_5_IRQHandler
                0x08004e5c                RTC_WKUP_IRQHandler
                0x08004e5c                SPI2_IRQHandler
                0x08004e5c                OTG_HS_EP1_IN_IRQHandler
                0x08004e5c                MemManage_Handler
                0x08004e5c                DMA1_Stream0_IRQHandler
                0x08004e5c                CAN1_TX_IRQHandler
                0x08004e5c                EXTI4_IRQHandler
                0x08004e5c                OTG_HS_EP1_OUT_IRQHandler
                0x08004e5c                WWDG_IRQHandler
                0x08004e5c                TIM2_IRQHandler
                0x08004e5c                OTG_FS_WKUP_IRQHandler
                0x08004e5c                TIM1_TRG_COM_TIM11_IRQHandler
                0x08004e5c                OTG_HS_IRQHandler
                0x08004e5c                EXTI1_IRQHandler
                0x08004e5c                USART2_IRQHandler
                0x08004e5c                I2C2_ER_IRQHandler
                0x08004e5c                DMA2_Stream1_IRQHandler
                0x08004e5c                CAN1_SCE_IRQHandler
                0x08004e5c                FLASH_IRQHandler
                0x08004e5c                DMA2_Stream4_IRQHandler
                0x08004e5c                BusFault_Handler
                0x08004e5c                USART1_IRQHandler
                0x08004e5c                OTG_FS_IRQHandler
                0x08004e5c                SPI3_IRQHandler
                0x08004e5c                DMA1_Stream4_IRQHandler
                0x08004e5c                I2C1_ER_IRQHandler
                0x08004e5c                FMC_IRQHandler
                0x08004e5c                DMA2_Stream6_IRQHandler
                0x08004e5c                SAI1_IRQHandler
                0x08004e5c                DMA1_Stream3_IRQHandler
 *fill*         0x08004e5e        0x2 
 .text.__errno  0x08004e60        0xc z:/softwares/open_stm/intallation/plugins/fr.ac6.mcu.externaltools.arm-none.win32_1.17.0.201812190825/tools/compiler/bin/../lib/gcc/arm-none-eabi/7.3.1/../../../../arm-none-eabi/lib/thumb/v7e-m/fpv4-sp/hard\libc.a(lib_a-errno.o)
                0x08004e60                __errno
 .text.__libc_init_array
                0x08004e6c       0x48 z:/softwares/open_stm/intallation/plugins/fr.ac6.mcu.externaltools.arm-none.win32_1.17.0.201812190825/tools/compiler/bin/../lib/gcc/arm-none-eabi/7.3.1/../../../../arm-none-eabi/lib/thumb/v7e-m/fpv4-sp/hard\libc.a(lib_a-init.o)
                0x08004e6c                __libc_init_array
 .text.memcmp   0x08004eb4       0x64 z:/softwares/open_stm/intallation/plugins/fr.ac6.mcu.externaltools.arm-none.win32_1.17.0.201812190825/tools/compiler/bin/../lib/gcc/arm-none-eabi/7.3.1/../../../../arm-none-eabi/lib/thumb/v7e-m/fpv4-sp/hard\libc.a(lib_a-memcmp.o)
                0x08004eb4                memcmp
 .text.memset   0x08004f18       0x94 z:/softwares/open_stm/intallation/plugins/fr.ac6.mcu.externaltools.arm-none.win32_1.17.0.201812190825/tools/compiler/bin/../lib/gcc/arm-none-eabi/7.3.1/../../../../arm-none-eabi/lib/thumb/v7e-m/fpv4-sp/hard\libc.a(lib_a-memset.o)
                0x08004f18                memset
 .text.sprintf  0x08004fac       0x44 z:/softwares/open_stm/intallation/plugins/fr.ac6.mcu.externaltools.arm-none.win32_1.17.0.201812190825/tools/compiler/bin/../lib/gcc/arm-none-eabi/7.3.1/../../../../arm-none-eabi/lib/thumb/v7e-m/fpv4-sp/hard\libc.a(lib_a-sprintf.o)
                0x08004fac                sprintf
 .text._svfprintf_r
                0x08004ff0     0x19cc z:/softwares/open_stm/intallation/plugins/fr.ac6.mcu.externaltools.arm-none.win32_1.17.0.201812190825/tools/compiler/bin/../lib/gcc/arm-none-eabi/7.3.1/../../../../arm-none-eabi/lib/thumb/v7e-m/fpv4-sp/hard\libc.a(lib_a-svfprintf.o)
                0x08004ff0                _svfprintf_r
 .text.startup.register_fini
                0x080069bc       0x14 z:/softwares/open_stm/intallation/plugins/fr.ac6.mcu.externaltools.arm-none.win32_1.17.0.201812190825/tools/compiler/bin/../lib/gcc/arm-none-eabi/7.3.1/../../../../arm-none-eabi/lib/thumb/v7e-m/fpv4-sp/hard\libc.a(lib_a-__call_atexit.o)
 .text.atexit   0x080069d0        0xc z:/softwares/open_stm/intallation/plugins/fr.ac6.mcu.externaltools.arm-none.win32_1.17.0.201812190825/tools/compiler/bin/../lib/gcc/arm-none-eabi/7.3.1/../../../../arm-none-eabi/lib/thumb/v7e-m/fpv4-sp/hard\libc.a(lib_a-atexit.o)
                0x080069d0                atexit
 .text.quorem   0x080069dc      0x124 z:/softwares/open_stm/intallation/plugins/fr.ac6.mcu.externaltools.arm-none.win32_1.17.0.201812190825/tools/compiler/bin/../lib/gcc/arm-none-eabi/7.3.1/../../../../arm-none-eabi/lib/thumb/v7e-m/fpv4-sp/hard\libc.a(lib_a-dtoa.o)
 .text._dtoa_r  0x08006b00      0xe20 z:/softwares/open_stm/intallation/plugins/fr.ac6.mcu.externaltools.arm-none.win32_1.17.0.201812190825/tools/compiler/bin/../lib/gcc/arm-none-eabi/7.3.1/../../../../arm-none-eabi/lib/thumb/v7e-m/fpv4-sp/hard\libc.a(lib_a-dtoa.o)
                0x08006b00                _dtoa_r
 .text.__libc_fini_array
                0x08007920       0x34 z:/softwares/open_stm/intallation/plugins/fr.ac6.mcu.externaltools.arm-none.win32_1.17.0.201812190825/tools/compiler/bin/../lib/gcc/arm-none-eabi/7.3.1/../../../../arm-none-eabi/lib/thumb/v7e-m/fpv4-sp/hard\libc.a(lib_a-fini.o)
                0x08007920                __libc_fini_array
 .text._malloc_trim_r
                0x08007954       0xa0 z:/softwares/open_stm/intallation/plugins/fr.ac6.mcu.externaltools.arm-none.win32_1.17.0.201812190825/tools/compiler/bin/../lib/gcc/arm-none-eabi/7.3.1/../../../../arm-none-eabi/lib/thumb/v7e-m/fpv4-sp/hard\libc.a(lib_a-freer.o)
                0x08007954                _malloc_trim_r
 .text._free_r  0x080079f4      0x1e8 z:/softwares/open_stm/intallation/plugins/fr.ac6.mcu.externaltools.arm-none.win32_1.17.0.201812190825/tools/compiler/bin/../lib/gcc/arm-none-eabi/7.3.1/../../../../arm-none-eabi/lib/thumb/v7e-m/fpv4-sp/hard\libc.a(lib_a-freer.o)
                0x080079f4                _free_r
 .text._localeconv_r
                0x08007bdc       0x1c z:/softwares/open_stm/intallation/plugins/fr.ac6.mcu.externaltools.arm-none.win32_1.17.0.201812190825/tools/compiler/bin/../lib/gcc/arm-none-eabi/7.3.1/../../../../arm-none-eabi/lib/thumb/v7e-m/fpv4-sp/hard\libc.a(lib_a-localeconv.o)
                0x08007bdc                _localeconv_r
 .text.__retarget_lock_acquire_recursive
                0x08007bf8        0x4 z:/softwares/open_stm/intallation/plugins/fr.ac6.mcu.externaltools.arm-none.win32_1.17.0.201812190825/tools/compiler/bin/../lib/gcc/arm-none-eabi/7.3.1/../../../../arm-none-eabi/lib/thumb/v7e-m/fpv4-sp/hard\libc.a(lib_a-lock.o)
                0x08007bf8                __retarget_lock_acquire_recursive
 .text.__retarget_lock_release_recursive
                0x08007bfc        0x4 z:/softwares/open_stm/intallation/plugins/fr.ac6.mcu.externaltools.arm-none.win32_1.17.0.201812190825/tools/compiler/bin/../lib/gcc/arm-none-eabi/7.3.1/../../../../arm-none-eabi/lib/thumb/v7e-m/fpv4-sp/hard\libc.a(lib_a-lock.o)
                0x08007bfc                __retarget_lock_release_recursive
 .text._malloc_r
                0x08007c00      0x548 z:/softwares/open_stm/intallation/plugins/fr.ac6.mcu.externaltools.arm-none.win32_1.17.0.201812190825/tools/compiler/bin/../lib/gcc/arm-none-eabi/7.3.1/../../../../arm-none-eabi/lib/thumb/v7e-m/fpv4-sp/hard\libc.a(lib_a-mallocr.o)
                0x08007c00                _malloc_r
 .text.__malloc_lock
                0x08008148        0xc z:/softwares/open_stm/intallation/plugins/fr.ac6.mcu.externaltools.arm-none.win32_1.17.0.201812190825/tools/compiler/bin/../lib/gcc/arm-none-eabi/7.3.1/../../../../arm-none-eabi/lib/thumb/v7e-m/fpv4-sp/hard\libc.a(lib_a-mlock.o)
                0x08008148                __malloc_lock
 .text.__malloc_unlock
                0x08008154        0xc z:/softwares/open_stm/intallation/plugins/fr.ac6.mcu.externaltools.arm-none.win32_1.17.0.201812190825/tools/compiler/bin/../lib/gcc/arm-none-eabi/7.3.1/../../../../arm-none-eabi/lib/thumb/v7e-m/fpv4-sp/hard\libc.a(lib_a-mlock.o)
                0x08008154                __malloc_unlock
 .text._Balloc  0x08008160       0x4c z:/softwares/open_stm/intallation/plugins/fr.ac6.mcu.externaltools.arm-none.win32_1.17.0.201812190825/tools/compiler/bin/../lib/gcc/arm-none-eabi/7.3.1/../../../../arm-none-eabi/lib/thumb/v7e-m/fpv4-sp/hard\libc.a(lib_a-mprec.o)
                0x08008160                _Balloc
 .text._Bfree   0x080081ac       0x14 z:/softwares/open_stm/intallation/plugins/fr.ac6.mcu.externaltools.arm-none.win32_1.17.0.201812190825/tools/compiler/bin/../lib/gcc/arm-none-eabi/7.3.1/../../../../arm-none-eabi/lib/thumb/v7e-m/fpv4-sp/hard\libc.a(lib_a-mprec.o)
                0x080081ac                _Bfree
 .text.__multadd
                0x080081c0       0x80 z:/softwares/open_stm/intallation/plugins/fr.ac6.mcu.externaltools.arm-none.win32_1.17.0.201812190825/tools/compiler/bin/../lib/gcc/arm-none-eabi/7.3.1/../../../../arm-none-eabi/lib/thumb/v7e-m/fpv4-sp/hard\libc.a(lib_a-mprec.o)
                0x080081c0                __multadd
 .text.__hi0bits
                0x08008240       0x40 z:/softwares/open_stm/intallation/plugins/fr.ac6.mcu.externaltools.arm-none.win32_1.17.0.201812190825/tools/compiler/bin/../lib/gcc/arm-none-eabi/7.3.1/../../../../arm-none-eabi/lib/thumb/v7e-m/fpv4-sp/hard\libc.a(lib_a-mprec.o)
                0x08008240                __hi0bits
 .text.__lo0bits
                0x08008280       0x60 z:/softwares/open_stm/intallation/plugins/fr.ac6.mcu.externaltools.arm-none.win32_1.17.0.201812190825/tools/compiler/bin/../lib/gcc/arm-none-eabi/7.3.1/../../../../arm-none-eabi/lib/thumb/v7e-m/fpv4-sp/hard\libc.a(lib_a-mprec.o)
                0x08008280                __lo0bits
 .text.__i2b    0x080082e0       0x14 z:/softwares/open_stm/intallation/plugins/fr.ac6.mcu.externaltools.arm-none.win32_1.17.0.201812190825/tools/compiler/bin/../lib/gcc/arm-none-eabi/7.3.1/../../../../arm-none-eabi/lib/thumb/v7e-m/fpv4-sp/hard\libc.a(lib_a-mprec.o)
                0x080082e0                __i2b
 .text.__multiply
                0x080082f4      0x14c z:/softwares/open_stm/intallation/plugins/fr.ac6.mcu.externaltools.arm-none.win32_1.17.0.201812190825/tools/compiler/bin/../lib/gcc/arm-none-eabi/7.3.1/../../../../arm-none-eabi/lib/thumb/v7e-m/fpv4-sp/hard\libc.a(lib_a-mprec.o)
                0x080082f4                __multiply
 .text.__pow5mult
                0x08008440       0xa0 z:/softwares/open_stm/intallation/plugins/fr.ac6.mcu.externaltools.arm-none.win32_1.17.0.201812190825/tools/compiler/bin/../lib/gcc/arm-none-eabi/7.3.1/../../../../arm-none-eabi/lib/thumb/v7e-m/fpv4-sp/hard\libc.a(lib_a-mprec.o)
                0x08008440                __pow5mult
 .text.__lshift
                0x080084e0       0xac z:/softwares/open_stm/intallation/plugins/fr.ac6.mcu.externaltools.arm-none.win32_1.17.0.201812190825/tools/compiler/bin/../lib/gcc/arm-none-eabi/7.3.1/../../../../arm-none-eabi/lib/thumb/v7e-m/fpv4-sp/hard\libc.a(lib_a-mprec.o)
                0x080084e0                __lshift
 .text.__mcmp   0x0800858c       0x38 z:/softwares/open_stm/intallation/plugins/fr.ac6.mcu.externaltools.arm-none.win32_1.17.0.201812190825/tools/compiler/bin/../lib/gcc/arm-none-eabi/7.3.1/../../../../arm-none-eabi/lib/thumb/v7e-m/fpv4-sp/hard\libc.a(lib_a-mprec.o)
                0x0800858c                __mcmp
 .text.__mdiff  0x080085c4       0xec z:/softwares/open_stm/intallation/plugins/fr.ac6.mcu.externaltools.arm-none.win32_1.17.0.201812190825/tools/compiler/bin/../lib/gcc/arm-none-eabi/7.3.1/../../../../arm-none-eabi/lib/thumb/v7e-m/fpv4-sp/hard\libc.a(lib_a-mprec.o)
                0x080085c4                __mdiff
 .text.__d2b    0x080086b0       0xc4 z:/softwares/open_stm/intallation/plugins/fr.ac6.mcu.externaltools.arm-none.win32_1.17.0.201812190825/tools/compiler/bin/../lib/gcc/arm-none-eabi/7.3.1/../../../../arm-none-eabi/lib/thumb/v7e-m/fpv4-sp/hard\libc.a(lib_a-mprec.o)
                0x080086b0                __d2b
 .text.frexp    0x08008774       0x68 z:/softwares/open_stm/intallation/plugins/fr.ac6.mcu.externaltools.arm-none.win32_1.17.0.201812190825/tools/compiler/bin/../lib/gcc/arm-none-eabi/7.3.1/../../../../arm-none-eabi/lib/thumb/v7e-m/fpv4-sp/hard\libc.a(lib_a-s_frexp.o)
                0x08008774                frexp
 .text._sbrk_r  0x080087dc       0x24 z:/softwares/open_stm/intallation/plugins/fr.ac6.mcu.externaltools.arm-none.win32_1.17.0.201812190825/tools/compiler/bin/../lib/gcc/arm-none-eabi/7.3.1/../../../../arm-none-eabi/lib/thumb/v7e-m/fpv4-sp/hard\libc.a(lib_a-sbrkr.o)
                0x080087dc                _sbrk_r
 .text.strncpy  0x08008800       0x64 z:/softwares/open_stm/intallation/plugins/fr.ac6.mcu.externaltools.arm-none.win32_1.17.0.201812190825/tools/compiler/bin/../lib/gcc/arm-none-eabi/7.3.1/../../../../arm-none-eabi/lib/thumb/v7e-m/fpv4-sp/hard\libc.a(lib_a-strncpy.o)
                0x08008800                strncpy
 .text.__ssprint_r
                0x08008864       0xf4 z:/softwares/open_stm/intallation/plugins/fr.ac6.mcu.externaltools.arm-none.win32_1.17.0.201812190825/tools/compiler/bin/../lib/gcc/arm-none-eabi/7.3.1/../../../../arm-none-eabi/lib/thumb/v7e-m/fpv4-sp/hard\libc.a(lib_a-svfiprintf.o)
                0x08008864                __ssprint_r
 .text.__register_exitproc
                0x08008958       0xc0 z:/softwares/open_stm/intallation/plugins/fr.ac6.mcu.externaltools.arm-none.win32_1.17.0.201812190825/tools/compiler/bin/../lib/gcc/arm-none-eabi/7.3.1/../../../../arm-none-eabi/lib/thumb/v7e-m/fpv4-sp/hard\libc.a(lib_a-__atexit.o)
                0x08008958                __register_exitproc
 .text._calloc_r
                0x08008a18       0x68 z:/softwares/open_stm/intallation/plugins/fr.ac6.mcu.externaltools.arm-none.win32_1.17.0.201812190825/tools/compiler/bin/../lib/gcc/arm-none-eabi/7.3.1/../../../../arm-none-eabi/lib/thumb/v7e-m/fpv4-sp/hard\libc.a(lib_a-callocr.o)
                0x08008a18                _calloc_r
 .text.__ascii_mbtowc
                0x08008a80       0x2c z:/softwares/open_stm/intallation/plugins/fr.ac6.mcu.externaltools.arm-none.win32_1.17.0.201812190825/tools/compiler/bin/../lib/gcc/arm-none-eabi/7.3.1/../../../../arm-none-eabi/lib/thumb/v7e-m/fpv4-sp/hard\libc.a(lib_a-mbtowc_r.o)
                0x08008a80                __ascii_mbtowc
 .text.memmove  0x08008aac       0xc8 z:/softwares/open_stm/intallation/plugins/fr.ac6.mcu.externaltools.arm-none.win32_1.17.0.201812190825/tools/compiler/bin/../lib/gcc/arm-none-eabi/7.3.1/../../../../arm-none-eabi/lib/thumb/v7e-m/fpv4-sp/hard\libc.a(lib_a-memmove.o)
                0x08008aac                memmove
 .text._realloc_r
                0x08008b74      0x35c z:/softwares/open_stm/intallation/plugins/fr.ac6.mcu.externaltools.arm-none.win32_1.17.0.201812190825/tools/compiler/bin/../lib/gcc/arm-none-eabi/7.3.1/../../../../arm-none-eabi/lib/thumb/v7e-m/fpv4-sp/hard\libc.a(lib_a-reallocr.o)
                0x08008b74                _realloc_r
 .text.__ascii_wctomb
                0x08008ed0       0x1c z:/softwares/open_stm/intallation/plugins/fr.ac6.mcu.externaltools.arm-none.win32_1.17.0.201812190825/tools/compiler/bin/../lib/gcc/arm-none-eabi/7.3.1/../../../../arm-none-eabi/lib/thumb/v7e-m/fpv4-sp/hard\libc.a(lib_a-wctomb_r.o)
                0x08008ed0                __ascii_wctomb
 *(.glue_7)
 .glue_7        0x08008eec        0x0 linker stubs
 *(.glue_7t)
 .glue_7t       0x08008eec        0x0 linker stubs
 *(.eh_frame)
 .eh_frame      0x08008eec        0x0 z:/softwares/open_stm/intallation/plugins/fr.ac6.mcu.externaltools.arm-none.win32_1.17.0.201812190825/tools/compiler/bin/../lib/gcc/arm-none-eabi/7.3.1/thumb/v7e-m/fpv4-sp/hard/crtbegin.o
 *(.init)
 .init          0x08008eec        0x4 z:/softwares/open_stm/intallation/plugins/fr.ac6.mcu.externaltools.arm-none.win32_1.17.0.201812190825/tools/compiler/bin/../lib/gcc/arm-none-eabi/7.3.1/thumb/v7e-m/fpv4-sp/hard/crti.o
                0x08008eec                _init
 .init          0x08008ef0        0x8 z:/softwares/open_stm/intallation/plugins/fr.ac6.mcu.externaltools.arm-none.win32_1.17.0.201812190825/tools/compiler/bin/../lib/gcc/arm-none-eabi/7.3.1/thumb/v7e-m/fpv4-sp/hard/crtn.o
 *(.fini)
 .fini          0x08008ef8        0x4 z:/softwares/open_stm/intallation/plugins/fr.ac6.mcu.externaltools.arm-none.win32_1.17.0.201812190825/tools/compiler/bin/../lib/gcc/arm-none-eabi/7.3.1/thumb/v7e-m/fpv4-sp/hard/crti.o
                0x08008ef8                _fini
 .fini          0x08008efc        0x8 z:/softwares/open_stm/intallation/plugins/fr.ac6.mcu.externaltools.arm-none.win32_1.17.0.201812190825/tools/compiler/bin/../lib/gcc/arm-none-eabi/7.3.1/thumb/v7e-m/fpv4-sp/hard/crtn.o
                0x08008f04                . = ALIGN (0x4)
                0x08008f04                _etext = .

.vfp11_veneer   0x08008f04        0x0
 .vfp11_veneer  0x08008f04        0x0 linker stubs

.v4_bx          0x08008f04        0x0
 .v4_bx         0x08008f04        0x0 linker stubs

.iplt           0x08008f04        0x0
 .iplt          0x08008f04        0x0 z:/softwares/open_stm/intallation/plugins/fr.ac6.mcu.externaltools.arm-none.win32_1.17.0.201812190825/tools/compiler/bin/../lib/gcc/arm-none-eabi/7.3.1/thumb/v7e-m/fpv4-sp/hard/crtbegin.o

.rodata         0x08008f08      0x400
                0x08008f08                . = ALIGN (0x4)
 *(.rodata)
 .rodata        0x08008f08       0x5d 3rd_Party/SEGGER/Config/SEGGER_SYSVIEW_Config_FreeRTOS.o
 *fill*         0x08008f65        0x3 
 .rodata        0x08008f68       0x60 3rd_Party/SEGGER/OS/SEGGER_SYSVIEW_FreeRTOS.o
                0x08008fc0                SYSVIEW_X_OS_TraceAPI
 .rodata        0x08008fc8       0x17 3rd_Party/SEGGER/SEGGER/SEGGER_RTT.o
 *fill*         0x08008fdf        0x1 
 .rodata        0x08008fe0       0x24 3rd_Party/SEGGER/SEGGER/SEGGER_SYSVIEW.o
 .rodata        0x08009004        0x5 3rd_Party/freeRTOS/org/Source/tasks.o
 *fill*         0x08009009        0x3 
 .rodata        0x0800900c       0x73 src/main.o
 *(.rodata*)
 *fill*         0x0800907f        0x1 
 .rodata._global_impure_ptr
                0x08009080        0x4 z:/softwares/open_stm/intallation/plugins/fr.ac6.mcu.externaltools.arm-none.win32_1.17.0.201812190825/tools/compiler/bin/../lib/gcc/arm-none-eabi/7.3.1/../../../../arm-none-eabi/lib/thumb/v7e-m/fpv4-sp/hard\libc.a(lib_a-impure.o)
                0x08009080                _global_impure_ptr
 .rodata._svfprintf_r.str1.4
                0x08009084       0x42 z:/softwares/open_stm/intallation/plugins/fr.ac6.mcu.externaltools.arm-none.win32_1.17.0.201812190825/tools/compiler/bin/../lib/gcc/arm-none-eabi/7.3.1/../../../../arm-none-eabi/lib/thumb/v7e-m/fpv4-sp/hard\libc.a(lib_a-svfprintf.o)
 *fill*         0x080090c6        0x2 
 .rodata.blanks.8590
                0x080090c8       0x10 z:/softwares/open_stm/intallation/plugins/fr.ac6.mcu.externaltools.arm-none.win32_1.17.0.201812190825/tools/compiler/bin/../lib/gcc/arm-none-eabi/7.3.1/../../../../arm-none-eabi/lib/thumb/v7e-m/fpv4-sp/hard\libc.a(lib_a-svfprintf.o)
 .rodata.zeroes.8591
                0x080090d8       0x10 z:/softwares/open_stm/intallation/plugins/fr.ac6.mcu.externaltools.arm-none.win32_1.17.0.201812190825/tools/compiler/bin/../lib/gcc/arm-none-eabi/7.3.1/../../../../arm-none-eabi/lib/thumb/v7e-m/fpv4-sp/hard\libc.a(lib_a-svfprintf.o)
 .rodata._dtoa_r.str1.4
                0x080090e8       0x10 z:/softwares/open_stm/intallation/plugins/fr.ac6.mcu.externaltools.arm-none.win32_1.17.0.201812190825/tools/compiler/bin/../lib/gcc/arm-none-eabi/7.3.1/../../../../arm-none-eabi/lib/thumb/v7e-m/fpv4-sp/hard\libc.a(lib_a-dtoa.o)
                                 0x12 (size before relaxing)
 .rodata.__mprec_bigtens
                0x080090f8       0x28 z:/softwares/open_stm/intallation/plugins/fr.ac6.mcu.externaltools.arm-none.win32_1.17.0.201812190825/tools/compiler/bin/../lib/gcc/arm-none-eabi/7.3.1/../../../../arm-none-eabi/lib/thumb/v7e-m/fpv4-sp/hard\libc.a(lib_a-mprec.o)
                0x080090f8                __mprec_bigtens
 .rodata.__mprec_tens
                0x08009120       0xc8 z:/softwares/open_stm/intallation/plugins/fr.ac6.mcu.externaltools.arm-none.win32_1.17.0.201812190825/tools/compiler/bin/../lib/gcc/arm-none-eabi/7.3.1/../../../../arm-none-eabi/lib/thumb/v7e-m/fpv4-sp/hard\libc.a(lib_a-mprec.o)
                0x08009120                __mprec_tens
 .rodata.p05.7367
                0x080091e8        0xc z:/softwares/open_stm/intallation/plugins/fr.ac6.mcu.externaltools.arm-none.win32_1.17.0.201812190825/tools/compiler/bin/../lib/gcc/arm-none-eabi/7.3.1/../../../../arm-none-eabi/lib/thumb/v7e-m/fpv4-sp/hard\libc.a(lib_a-mprec.o)
 .rodata._setlocale_r.str1.4
                0x080091f4        0xa z:/softwares/open_stm/intallation/plugins/fr.ac6.mcu.externaltools.arm-none.win32_1.17.0.201812190825/tools/compiler/bin/../lib/gcc/arm-none-eabi/7.3.1/../../../../arm-none-eabi/lib/thumb/v7e-m/fpv4-sp/hard\libc.a(lib_a-locale.o)
                                  0xd (size before relaxing)
 *fill*         0x080091fe        0x2 
 .rodata.str1.4
                0x08009200        0x4 z:/softwares/open_stm/intallation/plugins/fr.ac6.mcu.externaltools.arm-none.win32_1.17.0.201812190825/tools/compiler/bin/../lib/gcc/arm-none-eabi/7.3.1/../../../../arm-none-eabi/lib/thumb/v7e-m/fpv4-sp/hard\libc.a(lib_a-locale.o)
                                  0x2 (size before relaxing)
 .rodata._ctype_
                0x08009204      0x101 z:/softwares/open_stm/intallation/plugins/fr.ac6.mcu.externaltools.arm-none.win32_1.17.0.201812190825/tools/compiler/bin/../lib/gcc/arm-none-eabi/7.3.1/../../../../arm-none-eabi/lib/thumb/v7e-m/fpv4-sp/hard\libc.a(lib_a-ctype_.o)
                0x08009204                _ctype_
                0x08009308                . = ALIGN (0x4)
 *fill*         0x08009305        0x3 

.ARM.extab      0x08009308        0x0
                0x08009308                . = ALIGN (0x4)
 *(.ARM.extab* .gnu.linkonce.armextab.*)
                0x08009308                . = ALIGN (0x4)

.ARM            0x08009308        0x8
                0x08009308                . = ALIGN (0x4)
                0x08009308                __exidx_start = .
 *(.ARM.exidx*)
 .ARM.exidx     0x08009308        0x8 z:/softwares/open_stm/intallation/plugins/fr.ac6.mcu.externaltools.arm-none.win32_1.17.0.201812190825/tools/compiler/bin/../lib/gcc/arm-none-eabi/7.3.1/thumb/v7e-m/fpv4-sp/hard\libgcc.a(_udivmoddi4.o)
                0x08009310                __exidx_end = .
                0x08009310                . = ALIGN (0x4)

.rel.dyn        0x08009310        0x0
 .rel.iplt      0x08009310        0x0 z:/softwares/open_stm/intallation/plugins/fr.ac6.mcu.externaltools.arm-none.win32_1.17.0.201812190825/tools/compiler/bin/../lib/gcc/arm-none-eabi/7.3.1/thumb/v7e-m/fpv4-sp/hard/crtbegin.o

.preinit_array  0x08009310        0x0
                0x08009310                . = ALIGN (0x4)
                0x08009310                PROVIDE (__preinit_array_start = .)
 *(.preinit_array*)
                0x08009310                PROVIDE (__preinit_array_end = .)
                0x08009310                . = ALIGN (0x4)

.init_array     0x08009310        0x8
                0x08009310                . = ALIGN (0x4)
                0x08009310                PROVIDE (__init_array_start = .)
 *(SORT_BY_NAME(.init_array.*))
 .init_array.00000
                0x08009310        0x4 z:/softwares/open_stm/intallation/plugins/fr.ac6.mcu.externaltools.arm-none.win32_1.17.0.201812190825/tools/compiler/bin/../lib/gcc/arm-none-eabi/7.3.1/../../../../arm-none-eabi/lib/thumb/v7e-m/fpv4-sp/hard\libc.a(lib_a-__call_atexit.o)
 *(.init_array*)
 .init_array    0x08009314        0x4 z:/softwares/open_stm/intallation/plugins/fr.ac6.mcu.externaltools.arm-none.win32_1.17.0.201812190825/tools/compiler/bin/../lib/gcc/arm-none-eabi/7.3.1/thumb/v7e-m/fpv4-sp/hard/crtbegin.o
                0x08009318                PROVIDE (__init_array_end = .)
                0x08009318                . = ALIGN (0x4)

.fini_array     0x08009318        0x4
                0x08009318                . = ALIGN (0x4)
                0x08009318                PROVIDE (__fini_array_start = .)
 *(SORT_BY_NAME(.fini_array.*))
 *(.fini_array*)
 .fini_array    0x08009318        0x4 z:/softwares/open_stm/intallation/plugins/fr.ac6.mcu.externaltools.arm-none.win32_1.17.0.201812190825/tools/compiler/bin/../lib/gcc/arm-none-eabi/7.3.1/thumb/v7e-m/fpv4-sp/hard/crtbegin.o
                0x0800931c                PROVIDE (__fini_array_end = .)
                0x0800931c                . = ALIGN (0x4)
                0x0800931c                _sidata = LOADADDR (.data)

.data           0x20000000      0x9d8 load address 0x0800931c
                0x20000000                . = ALIGN (0x4)
                0x20000000                _sdata = .
 *(.data)
 .data          0x20000000        0x4 3rd_Party/freeRTOS/org/Source/portable/GCC/ARM_CM4F/port.o
 .data          0x20000004       0x10 StdPeriph_Driver/src/stm32f4xx_rcc.o
 .data          0x20000014       0x14 src/system_stm32f4xx.o
                0x20000014                SystemCoreClock
                0x20000018                AHBPrescTable
 *(.data*)
 .data._impure_ptr
                0x20000028        0x4 z:/softwares/open_stm/intallation/plugins/fr.ac6.mcu.externaltools.arm-none.win32_1.17.0.201812190825/tools/compiler/bin/../lib/gcc/arm-none-eabi/7.3.1/../../../../arm-none-eabi/lib/thumb/v7e-m/fpv4-sp/hard\libc.a(lib_a-impure.o)
                0x20000028                _impure_ptr
 *fill*         0x2000002c        0x4 
 .data.impure_data
                0x20000030      0x428 z:/softwares/open_stm/intallation/plugins/fr.ac6.mcu.externaltools.arm-none.win32_1.17.0.201812190825/tools/compiler/bin/../lib/gcc/arm-none-eabi/7.3.1/../../../../arm-none-eabi/lib/thumb/v7e-m/fpv4-sp/hard\libc.a(lib_a-impure.o)
 .data.__atexit_recursive_mutex
                0x20000458        0x4 z:/softwares/open_stm/intallation/plugins/fr.ac6.mcu.externaltools.arm-none.win32_1.17.0.201812190825/tools/compiler/bin/../lib/gcc/arm-none-eabi/7.3.1/../../../../arm-none-eabi/lib/thumb/v7e-m/fpv4-sp/hard\libc.a(lib_a-__call_atexit.o)
                0x20000458                __atexit_recursive_mutex
 .data.__malloc_av_
                0x2000045c      0x408 z:/softwares/open_stm/intallation/plugins/fr.ac6.mcu.externaltools.arm-none.win32_1.17.0.201812190825/tools/compiler/bin/../lib/gcc/arm-none-eabi/7.3.1/../../../../arm-none-eabi/lib/thumb/v7e-m/fpv4-sp/hard\libc.a(lib_a-mallocr.o)
                0x2000045c                __malloc_av_
 .data.__malloc_sbrk_base
                0x20000864        0x4 z:/softwares/open_stm/intallation/plugins/fr.ac6.mcu.externaltools.arm-none.win32_1.17.0.201812190825/tools/compiler/bin/../lib/gcc/arm-none-eabi/7.3.1/../../../../arm-none-eabi/lib/thumb/v7e-m/fpv4-sp/hard\libc.a(lib_a-mallocr.o)
                0x20000864                __malloc_sbrk_base
 .data.__malloc_trim_threshold
                0x20000868        0x4 z:/softwares/open_stm/intallation/plugins/fr.ac6.mcu.externaltools.arm-none.win32_1.17.0.201812190825/tools/compiler/bin/../lib/gcc/arm-none-eabi/7.3.1/../../../../arm-none-eabi/lib/thumb/v7e-m/fpv4-sp/hard\libc.a(lib_a-mallocr.o)
                0x20000868                __malloc_trim_threshold
 .data.__global_locale
                0x2000086c      0x16c z:/softwares/open_stm/intallation/plugins/fr.ac6.mcu.externaltools.arm-none.win32_1.17.0.201812190825/tools/compiler/bin/../lib/gcc/arm-none-eabi/7.3.1/../../../../arm-none-eabi/lib/thumb/v7e-m/fpv4-sp/hard\libc.a(lib_a-locale.o)
                0x2000086c                __global_locale
                0x200009d8                . = ALIGN (0x4)
                0x200009d8                _edata = .

.igot.plt       0x200009d8        0x0 load address 0x08009cf4
 .igot.plt      0x200009d8        0x0 z:/softwares/open_stm/intallation/plugins/fr.ac6.mcu.externaltools.arm-none.win32_1.17.0.201812190825/tools/compiler/bin/../lib/gcc/arm-none-eabi/7.3.1/thumb/v7e-m/fpv4-sp/hard/crtbegin.o
                0x200009d8                . = ALIGN (0x4)

.bss            0x200009d8    0x17528 load address 0x08009cf4
                0x200009d8                _sbss = .
                0x200009d8                __bss_start__ = _sbss
 *(.bss)
 .bss           0x200009d8       0x1c z:/softwares/open_stm/intallation/plugins/fr.ac6.mcu.externaltools.arm-none.win32_1.17.0.201812190825/tools/compiler/bin/../lib/gcc/arm-none-eabi/7.3.1/thumb/v7e-m/fpv4-sp/hard/crtbegin.o
 .bss           0x200009f4       0xa4 3rd_Party/SEGGER/OS/SEGGER_SYSVIEW_FreeRTOS.o
 .bss           0x20000a98      0x411 3rd_Party/SEGGER/SEGGER/SEGGER_RTT.o
 *fill*         0x20000ea9        0x3 
 .bss           0x20000eac     0x411b 3rd_Party/SEGGER/SEGGER/SEGGER_SYSVIEW.o
 *fill*         0x20004fc7        0x1 
 .bss           0x20004fc8      0x104 3rd_Party/freeRTOS/org/Source/tasks.o
                0x20004fc8                pxCurrentTCB
 .bss           0x200050cc        0x8 3rd_Party/freeRTOS/org/Source/portable/GCC/ARM_CM4F/port.o
 .bss           0x200050d4    0x12c18 3rd_Party/freeRTOS/org/Source/portable/MemMang/heap_4.o
 .bss           0x20017cec      0x108 src/main.o
                0x20017cec                xTaskHandle1
                0x20017cf0                xTaskHandle2
                0x20017cf4                usr_msg
                0x20017df0                notification_value
 .bss           0x20017df4        0x8 src/syscalls.o
                0x20017df4                __env
 *(.bss*)
 .bss.__malloc_current_mallinfo
                0x20017dfc       0x28 z:/softwares/open_stm/intallation/plugins/fr.ac6.mcu.externaltools.arm-none.win32_1.17.0.201812190825/tools/compiler/bin/../lib/gcc/arm-none-eabi/7.3.1/../../../../arm-none-eabi/lib/thumb/v7e-m/fpv4-sp/hard\libc.a(lib_a-mallocr.o)
                0x20017dfc                __malloc_current_mallinfo
 .bss.__malloc_max_sbrked_mem
                0x20017e24        0x4 z:/softwares/open_stm/intallation/plugins/fr.ac6.mcu.externaltools.arm-none.win32_1.17.0.201812190825/tools/compiler/bin/../lib/gcc/arm-none-eabi/7.3.1/../../../../arm-none-eabi/lib/thumb/v7e-m/fpv4-sp/hard\libc.a(lib_a-mallocr.o)
                0x20017e24                __malloc_max_sbrked_mem
 .bss.__malloc_max_total_mem
                0x20017e28        0x4 z:/softwares/open_stm/intallation/plugins/fr.ac6.mcu.externaltools.arm-none.win32_1.17.0.201812190825/tools/compiler/bin/../lib/gcc/arm-none-eabi/7.3.1/../../../../arm-none-eabi/lib/thumb/v7e-m/fpv4-sp/hard\libc.a(lib_a-mallocr.o)
                0x20017e28                __malloc_max_total_mem
 .bss.__malloc_top_pad
                0x20017e2c        0x4 z:/softwares/open_stm/intallation/plugins/fr.ac6.mcu.externaltools.arm-none.win32_1.17.0.201812190825/tools/compiler/bin/../lib/gcc/arm-none-eabi/7.3.1/../../../../arm-none-eabi/lib/thumb/v7e-m/fpv4-sp/hard\libc.a(lib_a-mallocr.o)
                0x20017e2c                __malloc_top_pad
 *(COMMON)
 COMMON         0x20017e30       0xa8 3rd_Party/SEGGER/SEGGER/SEGGER_RTT.o
                0x20017e30                _SEGGER_RTT
 COMMON         0x20017ed8       0x21 z:/softwares/open_stm/intallation/plugins/fr.ac6.mcu.externaltools.arm-none.win32_1.17.0.201812190825/tools/compiler/bin/../lib/gcc/arm-none-eabi/7.3.1/../../../../arm-none-eabi/lib/thumb/v7e-m/fpv4-sp/hard\libc.a(lib_a-lock.o)
                0x20017ed8                __lock___atexit_recursive_mutex
                0x20017edc                __lock___arc4random_mutex
                0x20017ee0                __lock___env_recursive_mutex
                0x20017ee4                __lock___sinit_recursive_mutex
                0x20017ee8                __lock___malloc_recursive_mutex
                0x20017eec                __lock___at_quick_exit_mutex
                0x20017ef0                __lock___dd_hash_mutex
                0x20017ef4                __lock___tz_mutex
                0x20017ef8                __lock___sfp_recursive_mutex
 *fill*         0x20017ef9        0x3 
 COMMON         0x20017efc        0x4 z:/softwares/open_stm/intallation/plugins/fr.ac6.mcu.externaltools.arm-none.win32_1.17.0.201812190825/tools/compiler/bin/../lib/gcc/arm-none-eabi/7.3.1/../../../../arm-none-eabi/lib/thumb/v7e-m/fpv4-sp/hard\libc.a(lib_a-reent.o)
                0x20017efc                errno
                0x20017f00                . = ALIGN (0x4)
                0x20017f00                _ebss = .
                0x20017f00                __bss_end__ = _ebss

._user_heap_stack
                0x20017f00      0x400 load address 0x08009cf4
                0x20017f00                . = ALIGN (0x8)
                0x20017f00                PROVIDE (end = .)
                [!provide]                PROVIDE (_end = .)
                0x20017f00                . = (. + _Min_Heap_Size)
                0x20018300                . = (. + _Min_Stack_Size)
 *fill*         0x20017f00      0x400 
                0x20018300                . = ALIGN (0x8)

/DISCARD/
 libc.a(*)
 libm.a(*)
 libgcc.a(*)

.ARM.attributes
                0x00000000       0x30
 *(.ARM.attributes)
 .ARM.attributes
                0x00000000       0x22 z:/softwares/open_stm/intallation/plugins/fr.ac6.mcu.externaltools.arm-none.win32_1.17.0.201812190825/tools/compiler/bin/../lib/gcc/arm-none-eabi/7.3.1/thumb/v7e-m/fpv4-sp/hard/crti.o
 .ARM.attributes
                0x00000022       0x34 z:/softwares/open_stm/intallation/plugins/fr.ac6.mcu.externaltools.arm-none.win32_1.17.0.201812190825/tools/compiler/bin/../lib/gcc/arm-none-eabi/7.3.1/thumb/v7e-m/fpv4-sp/hard/crtbegin.o
 .ARM.attributes
                0x00000056       0x39 3rd_Party/SEGGER/Config/SEGGER_SYSVIEW_Config_FreeRTOS.o
 .ARM.attributes
                0x0000008f       0x39 3rd_Party/SEGGER/OS/SEGGER_SYSVIEW_FreeRTOS.o
 .ARM.attributes
                0x000000c8       0x39 3rd_Party/SEGGER/SEGGER/SEGGER_RTT.o
 .ARM.attributes
                0x00000101       0x39 3rd_Party/SEGGER/SEGGER/SEGGER_SYSVIEW.o
 .ARM.attributes
                0x0000013a       0x39 3rd_Party/freeRTOS/org/Source/list.o
 .ARM.attributes
                0x00000173       0x39 3rd_Party/freeRTOS/org/Source/tasks.o
 .ARM.attributes
                0x000001ac       0x39 3rd_Party/freeRTOS/org/Source/portable/GCC/ARM_CM4F/port.o
 .ARM.attributes
                0x000001e5       0x39 3rd_Party/freeRTOS/org/Source/portable/MemMang/heap_4.o
 .ARM.attributes
                0x0000021e       0x39 StdPeriph_Driver/src/stm32f4xx_gpio.o
 .ARM.attributes
                0x00000257       0x39 StdPeriph_Driver/src/stm32f4xx_rcc.o
 .ARM.attributes
                0x00000290       0x39 StdPeriph_Driver/src/stm32f4xx_usart.o
 .ARM.attributes
                0x000002c9       0x39 src/main.o
 .ARM.attributes
                0x00000302       0x39 src/syscalls.o
 .ARM.attributes
                0x0000033b       0x39 src/system_stm32f4xx.o
 .ARM.attributes
                0x00000374       0x21 startup/startup_stm32.o
 .ARM.attributes
                0x00000395       0x34 z:/softwares/open_stm/intallation/plugins/fr.ac6.mcu.externaltools.arm-none.win32_1.17.0.201812190825/tools/compiler/bin/../lib/gcc/arm-none-eabi/7.3.1/../../../../arm-none-eabi/lib/thumb/v7e-m/fpv4-sp/hard\libc.a(lib_a-errno.o)
 .ARM.attributes
                0x000003c9       0x34 z:/softwares/open_stm/intallation/plugins/fr.ac6.mcu.externaltools.arm-none.win32_1.17.0.201812190825/tools/compiler/bin/../lib/gcc/arm-none-eabi/7.3.1/../../../../arm-none-eabi/lib/thumb/v7e-m/fpv4-sp/hard\libc.a(lib_a-impure.o)
 .ARM.attributes
                0x000003fd       0x34 z:/softwares/open_stm/intallation/plugins/fr.ac6.mcu.externaltools.arm-none.win32_1.17.0.201812190825/tools/compiler/bin/../lib/gcc/arm-none-eabi/7.3.1/../../../../arm-none-eabi/lib/thumb/v7e-m/fpv4-sp/hard\libc.a(lib_a-init.o)
 .ARM.attributes
                0x00000431       0x34 z:/softwares/open_stm/intallation/plugins/fr.ac6.mcu.externaltools.arm-none.win32_1.17.0.201812190825/tools/compiler/bin/../lib/gcc/arm-none-eabi/7.3.1/../../../../arm-none-eabi/lib/thumb/v7e-m/fpv4-sp/hard\libc.a(lib_a-memcmp.o)
 .ARM.attributes
                0x00000465       0x20 z:/softwares/open_stm/intallation/plugins/fr.ac6.mcu.externaltools.arm-none.win32_1.17.0.201812190825/tools/compiler/bin/../lib/gcc/arm-none-eabi/7.3.1/../../../../arm-none-eabi/lib/thumb/v7e-m/fpv4-sp/hard\libc.a(lib_a-memcpy.o)
 .ARM.attributes
                0x00000485       0x34 z:/softwares/open_stm/intallation/plugins/fr.ac6.mcu.externaltools.arm-none.win32_1.17.0.201812190825/tools/compiler/bin/../lib/gcc/arm-none-eabi/7.3.1/../../../../arm-none-eabi/lib/thumb/v7e-m/fpv4-sp/hard\libc.a(lib_a-memset.o)
 .ARM.attributes
                0x000004b9       0x34 z:/softwares/open_stm/intallation/plugins/fr.ac6.mcu.externaltools.arm-none.win32_1.17.0.201812190825/tools/compiler/bin/../lib/gcc/arm-none-eabi/7.3.1/../../../../arm-none-eabi/lib/thumb/v7e-m/fpv4-sp/hard\libc.a(lib_a-sprintf.o)
 .ARM.attributes
                0x000004ed       0x20 z:/softwares/open_stm/intallation/plugins/fr.ac6.mcu.externaltools.arm-none.win32_1.17.0.201812190825/tools/compiler/bin/../lib/gcc/arm-none-eabi/7.3.1/../../../../arm-none-eabi/lib/thumb/v7e-m/fpv4-sp/hard\libc.a(lib_a-strlen.o)
 .ARM.attributes
                0x0000050d       0x34 z:/softwares/open_stm/intallation/plugins/fr.ac6.mcu.externaltools.arm-none.win32_1.17.0.201812190825/tools/compiler/bin/../lib/gcc/arm-none-eabi/7.3.1/../../../../arm-none-eabi/lib/thumb/v7e-m/fpv4-sp/hard\libc.a(lib_a-svfprintf.o)
 .ARM.attributes
                0x00000541       0x34 z:/softwares/open_stm/intallation/plugins/fr.ac6.mcu.externaltools.arm-none.win32_1.17.0.201812190825/tools/compiler/bin/../lib/gcc/arm-none-eabi/7.3.1/../../../../arm-none-eabi/lib/thumb/v7e-m/fpv4-sp/hard\libc.a(lib_a-__call_atexit.o)
 .ARM.attributes
                0x00000575       0x34 z:/softwares/open_stm/intallation/plugins/fr.ac6.mcu.externaltools.arm-none.win32_1.17.0.201812190825/tools/compiler/bin/../lib/gcc/arm-none-eabi/7.3.1/../../../../arm-none-eabi/lib/thumb/v7e-m/fpv4-sp/hard\libc.a(lib_a-atexit.o)
 .ARM.attributes
                0x000005a9       0x34 z:/softwares/open_stm/intallation/plugins/fr.ac6.mcu.externaltools.arm-none.win32_1.17.0.201812190825/tools/compiler/bin/../lib/gcc/arm-none-eabi/7.3.1/../../../../arm-none-eabi/lib/thumb/v7e-m/fpv4-sp/hard\libc.a(lib_a-dtoa.o)
 .ARM.attributes
                0x000005dd       0x34 z:/softwares/open_stm/intallation/plugins/fr.ac6.mcu.externaltools.arm-none.win32_1.17.0.201812190825/tools/compiler/bin/../lib/gcc/arm-none-eabi/7.3.1/../../../../arm-none-eabi/lib/thumb/v7e-m/fpv4-sp/hard\libc.a(lib_a-fini.o)
 .ARM.attributes
                0x00000611       0x34 z:/softwares/open_stm/intallation/plugins/fr.ac6.mcu.externaltools.arm-none.win32_1.17.0.201812190825/tools/compiler/bin/../lib/gcc/arm-none-eabi/7.3.1/../../../../arm-none-eabi/lib/thumb/v7e-m/fpv4-sp/hard\libc.a(lib_a-freer.o)
 .ARM.attributes
                0x00000645       0x34 z:/softwares/open_stm/intallation/plugins/fr.ac6.mcu.externaltools.arm-none.win32_1.17.0.201812190825/tools/compiler/bin/../lib/gcc/arm-none-eabi/7.3.1/../../../../arm-none-eabi/lib/thumb/v7e-m/fpv4-sp/hard\libc.a(lib_a-localeconv.o)
 .ARM.attributes
                0x00000679       0x34 z:/softwares/open_stm/intallation/plugins/fr.ac6.mcu.externaltools.arm-none.win32_1.17.0.201812190825/tools/compiler/bin/../lib/gcc/arm-none-eabi/7.3.1/../../../../arm-none-eabi/lib/thumb/v7e-m/fpv4-sp/hard\libc.a(lib_a-lock.o)
 .ARM.attributes
                0x000006ad       0x34 z:/softwares/open_stm/intallation/plugins/fr.ac6.mcu.externaltools.arm-none.win32_1.17.0.201812190825/tools/compiler/bin/../lib/gcc/arm-none-eabi/7.3.1/../../../../arm-none-eabi/lib/thumb/v7e-m/fpv4-sp/hard\libc.a(lib_a-mallocr.o)
 .ARM.attributes
                0x000006e1       0x20 z:/softwares/open_stm/intallation/plugins/fr.ac6.mcu.externaltools.arm-none.win32_1.17.0.201812190825/tools/compiler/bin/../lib/gcc/arm-none-eabi/7.3.1/../../../../arm-none-eabi/lib/thumb/v7e-m/fpv4-sp/hard\libc.a(lib_a-memchr.o)
 .ARM.attributes
                0x00000701       0x34 z:/softwares/open_stm/intallation/plugins/fr.ac6.mcu.externaltools.arm-none.win32_1.17.0.201812190825/tools/compiler/bin/../lib/gcc/arm-none-eabi/7.3.1/../../../../arm-none-eabi/lib/thumb/v7e-m/fpv4-sp/hard\libc.a(lib_a-mlock.o)
 .ARM.attributes
                0x00000735       0x34 z:/softwares/open_stm/intallation/plugins/fr.ac6.mcu.externaltools.arm-none.win32_1.17.0.201812190825/tools/compiler/bin/../lib/gcc/arm-none-eabi/7.3.1/../../../../arm-none-eabi/lib/thumb/v7e-m/fpv4-sp/hard\libc.a(lib_a-mprec.o)
 .ARM.attributes
                0x00000769       0x34 z:/softwares/open_stm/intallation/plugins/fr.ac6.mcu.externaltools.arm-none.win32_1.17.0.201812190825/tools/compiler/bin/../lib/gcc/arm-none-eabi/7.3.1/../../../../arm-none-eabi/lib/thumb/v7e-m/fpv4-sp/hard\libc.a(lib_a-s_frexp.o)
 .ARM.attributes
                0x0000079d       0x34 z:/softwares/open_stm/intallation/plugins/fr.ac6.mcu.externaltools.arm-none.win32_1.17.0.201812190825/tools/compiler/bin/../lib/gcc/arm-none-eabi/7.3.1/../../../../arm-none-eabi/lib/thumb/v7e-m/fpv4-sp/hard\libc.a(lib_a-sbrkr.o)
 .ARM.attributes
                0x000007d1       0x34 z:/softwares/open_stm/intallation/plugins/fr.ac6.mcu.externaltools.arm-none.win32_1.17.0.201812190825/tools/compiler/bin/../lib/gcc/arm-none-eabi/7.3.1/../../../../arm-none-eabi/lib/thumb/v7e-m/fpv4-sp/hard\libc.a(lib_a-strncpy.o)
 .ARM.attributes
                0x00000805       0x34 z:/softwares/open_stm/intallation/plugins/fr.ac6.mcu.externaltools.arm-none.win32_1.17.0.201812190825/tools/compiler/bin/../lib/gcc/arm-none-eabi/7.3.1/../../../../arm-none-eabi/lib/thumb/v7e-m/fpv4-sp/hard\libc.a(lib_a-svfiprintf.o)
 .ARM.attributes
                0x00000839       0x34 z:/softwares/open_stm/intallation/plugins/fr.ac6.mcu.externaltools.arm-none.win32_1.17.0.201812190825/tools/compiler/bin/../lib/gcc/arm-none-eabi/7.3.1/../../../../arm-none-eabi/lib/thumb/v7e-m/fpv4-sp/hard\libc.a(lib_a-__atexit.o)
 .ARM.attributes
                0x0000086d       0x34 z:/softwares/open_stm/intallation/plugins/fr.ac6.mcu.externaltools.arm-none.win32_1.17.0.201812190825/tools/compiler/bin/../lib/gcc/arm-none-eabi/7.3.1/../../../../arm-none-eabi/lib/thumb/v7e-m/fpv4-sp/hard\libc.a(lib_a-callocr.o)
 .ARM.attributes
                0x000008a1       0x34 z:/softwares/open_stm/intallation/plugins/fr.ac6.mcu.externaltools.arm-none.win32_1.17.0.201812190825/tools/compiler/bin/../lib/gcc/arm-none-eabi/7.3.1/../../../../arm-none-eabi/lib/thumb/v7e-m/fpv4-sp/hard\libc.a(lib_a-locale.o)
 .ARM.attributes
                0x000008d5       0x34 z:/softwares/open_stm/intallation/plugins/fr.ac6.mcu.externaltools.arm-none.win32_1.17.0.201812190825/tools/compiler/bin/../lib/gcc/arm-none-eabi/7.3.1/../../../../arm-none-eabi/lib/thumb/v7e-m/fpv4-sp/hard\libc.a(lib_a-mbtowc_r.o)
 .ARM.attributes
                0x00000909       0x34 z:/softwares/open_stm/intallation/plugins/fr.ac6.mcu.externaltools.arm-none.win32_1.17.0.201812190825/tools/compiler/bin/../lib/gcc/arm-none-eabi/7.3.1/../../../../arm-none-eabi/lib/thumb/v7e-m/fpv4-sp/hard\libc.a(lib_a-memmove.o)
 .ARM.attributes
                0x0000093d       0x34 z:/softwares/open_stm/intallation/plugins/fr.ac6.mcu.externaltools.arm-none.win32_1.17.0.201812190825/tools/compiler/bin/../lib/gcc/arm-none-eabi/7.3.1/../../../../arm-none-eabi/lib/thumb/v7e-m/fpv4-sp/hard\libc.a(lib_a-reallocr.o)
 .ARM.attributes
                0x00000971       0x34 z:/softwares/open_stm/intallation/plugins/fr.ac6.mcu.externaltools.arm-none.win32_1.17.0.201812190825/tools/compiler/bin/../lib/gcc/arm-none-eabi/7.3.1/../../../../arm-none-eabi/lib/thumb/v7e-m/fpv4-sp/hard\libc.a(lib_a-reent.o)
 .ARM.attributes
                0x000009a5       0x34 z:/softwares/open_stm/intallation/plugins/fr.ac6.mcu.externaltools.arm-none.win32_1.17.0.201812190825/tools/compiler/bin/../lib/gcc/arm-none-eabi/7.3.1/../../../../arm-none-eabi/lib/thumb/v7e-m/fpv4-sp/hard\libc.a(lib_a-wctomb_r.o)
 .ARM.attributes
                0x000009d9       0x34 z:/softwares/open_stm/intallation/plugins/fr.ac6.mcu.externaltools.arm-none.win32_1.17.0.201812190825/tools/compiler/bin/../lib/gcc/arm-none-eabi/7.3.1/../../../../arm-none-eabi/lib/thumb/v7e-m/fpv4-sp/hard\libc.a(lib_a-ctype_.o)
 .ARM.attributes
                0x00000a0d       0x22 z:/softwares/open_stm/intallation/plugins/fr.ac6.mcu.externaltools.arm-none.win32_1.17.0.201812190825/tools/compiler/bin/../lib/gcc/arm-none-eabi/7.3.1/thumb/v7e-m/fpv4-sp/hard\libgcc.a(_arm_addsubdf3.o)
 .ARM.attributes
                0x00000a2f       0x22 z:/softwares/open_stm/intallation/plugins/fr.ac6.mcu.externaltools.arm-none.win32_1.17.0.201812190825/tools/compiler/bin/../lib/gcc/arm-none-eabi/7.3.1/thumb/v7e-m/fpv4-sp/hard\libgcc.a(_arm_muldivdf3.o)
 .ARM.attributes
                0x00000a51       0x22 z:/softwares/open_stm/intallation/plugins/fr.ac6.mcu.externaltools.arm-none.win32_1.17.0.201812190825/tools/compiler/bin/../lib/gcc/arm-none-eabi/7.3.1/thumb/v7e-m/fpv4-sp/hard\libgcc.a(_arm_cmpdf2.o)
 .ARM.attributes
                0x00000a73       0x22 z:/softwares/open_stm/intallation/plugins/fr.ac6.mcu.externaltools.arm-none.win32_1.17.0.201812190825/tools/compiler/bin/../lib/gcc/arm-none-eabi/7.3.1/thumb/v7e-m/fpv4-sp/hard\libgcc.a(_arm_unorddf2.o)
 .ARM.attributes
                0x00000a95       0x22 z:/softwares/open_stm/intallation/plugins/fr.ac6.mcu.externaltools.arm-none.win32_1.17.0.201812190825/tools/compiler/bin/../lib/gcc/arm-none-eabi/7.3.1/thumb/v7e-m/fpv4-sp/hard\libgcc.a(_arm_fixdfsi.o)
 .ARM.attributes
                0x00000ab7       0x22 z:/softwares/open_stm/intallation/plugins/fr.ac6.mcu.externaltools.arm-none.win32_1.17.0.201812190825/tools/compiler/bin/../lib/gcc/arm-none-eabi/7.3.1/thumb/v7e-m/fpv4-sp/hard\libgcc.a(_aeabi_uldivmod.o)
 .ARM.attributes
                0x00000ad9       0x34 z:/softwares/open_stm/intallation/plugins/fr.ac6.mcu.externaltools.arm-none.win32_1.17.0.201812190825/tools/compiler/bin/../lib/gcc/arm-none-eabi/7.3.1/thumb/v7e-m/fpv4-sp/hard\libgcc.a(_udivmoddi4.o)
 .ARM.attributes
                0x00000b0d       0x22 z:/softwares/open_stm/intallation/plugins/fr.ac6.mcu.externaltools.arm-none.win32_1.17.0.201812190825/tools/compiler/bin/../lib/gcc/arm-none-eabi/7.3.1/thumb/v7e-m/fpv4-sp/hard\libgcc.a(_dvmd_tls.o)
 .ARM.attributes
                0x00000b2f       0x22 z:/softwares/open_stm/intallation/plugins/fr.ac6.mcu.externaltools.arm-none.win32_1.17.0.201812190825/tools/compiler/bin/../lib/gcc/arm-none-eabi/7.3.1/thumb/v7e-m/fpv4-sp/hard/crtn.o
OUTPUT(STM32_Task_Notify.elf elf32-littlearm)

.debug_info     0x00000000     0xe5de
 .debug_info    0x00000000      0x10f 3rd_Party/SEGGER/Config/SEGGER_SYSVIEW_Config_FreeRTOS.o
 .debug_info    0x0000010f      0xb8d 3rd_Party/SEGGER/OS/SEGGER_SYSVIEW_FreeRTOS.o
 .debug_info    0x00000c9c     0x16b9 3rd_Party/SEGGER/SEGGER/SEGGER_RTT.o
 .debug_info    0x00002355     0x3aea 3rd_Party/SEGGER/SEGGER/SEGGER_SYSVIEW.o
 .debug_info    0x00005e3f      0xadb 3rd_Party/freeRTOS/org/Source/list.o
 .debug_info    0x0000691a     0x270c 3rd_Party/freeRTOS/org/Source/tasks.o
 .debug_info    0x00009026      0x533 3rd_Party/freeRTOS/org/Source/portable/GCC/ARM_CM4F/port.o
 .debug_info    0x00009559      0xc09 3rd_Party/freeRTOS/org/Source/portable/MemMang/heap_4.o
 .debug_info    0x0000a162      0x62b StdPeriph_Driver/src/stm32f4xx_gpio.o
 .debug_info    0x0000a78d      0xf8e StdPeriph_Driver/src/stm32f4xx_rcc.o
 .debug_info    0x0000b71b      0x9d4 StdPeriph_Driver/src/stm32f4xx_usart.o
 .debug_info    0x0000c0ef      0xf7e src/main.o
 .debug_info    0x0000d06d      0xf2e src/syscalls.o
 .debug_info    0x0000df9b      0x621 src/system_stm32f4xx.o
 .debug_info    0x0000e5bc       0x22 startup/startup_stm32.o

.debug_abbrev   0x00000000     0x1f41
 .debug_abbrev  0x00000000       0xb5 3rd_Party/SEGGER/Config/SEGGER_SYSVIEW_Config_FreeRTOS.o
 .debug_abbrev  0x000000b5      0x223 3rd_Party/SEGGER/OS/SEGGER_SYSVIEW_FreeRTOS.o
 .debug_abbrev  0x000002d8      0x2d6 3rd_Party/SEGGER/SEGGER/SEGGER_RTT.o
 .debug_abbrev  0x000005ae      0x336 3rd_Party/SEGGER/SEGGER/SEGGER_SYSVIEW.o
 .debug_abbrev  0x000008e4      0x205 3rd_Party/freeRTOS/org/Source/list.o
 .debug_abbrev  0x00000ae9      0x395 3rd_Party/freeRTOS/org/Source/tasks.o
 .debug_abbrev  0x00000e7e      0x210 3rd_Party/freeRTOS/org/Source/portable/GCC/ARM_CM4F/port.o
 .debug_abbrev  0x0000108e      0x2ec 3rd_Party/freeRTOS/org/Source/portable/MemMang/heap_4.o
 .debug_abbrev  0x0000137a      0x1bf StdPeriph_Driver/src/stm32f4xx_gpio.o
 .debug_abbrev  0x00001539      0x1d4 StdPeriph_Driver/src/stm32f4xx_rcc.o
 .debug_abbrev  0x0000170d      0x187 StdPeriph_Driver/src/stm32f4xx_usart.o
 .debug_abbrev  0x00001894      0x294 src/main.o
 .debug_abbrev  0x00001b28      0x2aa src/syscalls.o
 .debug_abbrev  0x00001dd2      0x15d src/system_stm32f4xx.o
 .debug_abbrev  0x00001f2f       0x12 startup/startup_stm32.o

.debug_aranges  0x00000000      0xbb0
 .debug_aranges
                0x00000000       0x28 3rd_Party/SEGGER/Config/SEGGER_SYSVIEW_Config_FreeRTOS.o
 .debug_aranges
                0x00000028       0x48 3rd_Party/SEGGER/OS/SEGGER_SYSVIEW_FreeRTOS.o
 .debug_aranges
                0x00000070      0x110 3rd_Party/SEGGER/SEGGER/SEGGER_RTT.o
 .debug_aranges
                0x00000180      0x268 3rd_Party/SEGGER/SEGGER/SEGGER_SYSVIEW.o
 .debug_aranges
                0x000003e8       0x40 3rd_Party/freeRTOS/org/Source/list.o
 .debug_aranges
                0x00000428      0x1e8 3rd_Party/freeRTOS/org/Source/tasks.o
 .debug_aranges
                0x00000610       0x80 3rd_Party/freeRTOS/org/Source/portable/GCC/ARM_CM4F/port.o
 .debug_aranges
                0x00000690       0x50 3rd_Party/freeRTOS/org/Source/portable/MemMang/heap_4.o
 .debug_aranges
                0x000006e0       0x88 StdPeriph_Driver/src/stm32f4xx_gpio.o
 .debug_aranges
                0x00000768      0x1e8 StdPeriph_Driver/src/stm32f4xx_rcc.o
 .debug_aranges
                0x00000950      0x100 StdPeriph_Driver/src/stm32f4xx_usart.o
 .debug_aranges
                0x00000a50       0x58 src/main.o
 .debug_aranges
                0x00000aa8       0xb0 src/syscalls.o
 .debug_aranges
                0x00000b58       0x30 src/system_stm32f4xx.o
 .debug_aranges
                0x00000b88       0x28 startup/startup_stm32.o

.debug_ranges   0x00000000      0xac8
 .debug_ranges  0x00000000       0x18 3rd_Party/SEGGER/Config/SEGGER_SYSVIEW_Config_FreeRTOS.o
 .debug_ranges  0x00000018       0x38 3rd_Party/SEGGER/OS/SEGGER_SYSVIEW_FreeRTOS.o
 .debug_ranges  0x00000050      0x100 3rd_Party/SEGGER/SEGGER/SEGGER_RTT.o
 .debug_ranges  0x00000150      0x258 3rd_Party/SEGGER/SEGGER/SEGGER_SYSVIEW.o
 .debug_ranges  0x000003a8       0x30 3rd_Party/freeRTOS/org/Source/list.o
 .debug_ranges  0x000003d8      0x1d8 3rd_Party/freeRTOS/org/Source/tasks.o
 .debug_ranges  0x000005b0       0x70 3rd_Party/freeRTOS/org/Source/portable/GCC/ARM_CM4F/port.o
 .debug_ranges  0x00000620       0x40 3rd_Party/freeRTOS/org/Source/portable/MemMang/heap_4.o
 .debug_ranges  0x00000660       0x78 StdPeriph_Driver/src/stm32f4xx_gpio.o
 .debug_ranges  0x000006d8      0x1d8 StdPeriph_Driver/src/stm32f4xx_rcc.o
 .debug_ranges  0x000008b0       0xf0 StdPeriph_Driver/src/stm32f4xx_usart.o
 .debug_ranges  0x000009a0       0x48 src/main.o
 .debug_ranges  0x000009e8       0xa0 src/syscalls.o
 .debug_ranges  0x00000a88       0x20 src/system_stm32f4xx.o
 .debug_ranges  0x00000aa8       0x20 startup/startup_stm32.o

.debug_macro    0x00000000     0x5b5b
 .debug_macro   0x00000000      0x116 3rd_Party/SEGGER/Config/SEGGER_SYSVIEW_Config_FreeRTOS.o
 .debug_macro   0x00000116      0xa72 3rd_Party/SEGGER/Config/SEGGER_SYSVIEW_Config_FreeRTOS.o
 .debug_macro   0x00000b88      0x174 3rd_Party/SEGGER/Config/SEGGER_SYSVIEW_Config_FreeRTOS.o
 .debug_macro   0x00000cfc       0x22 3rd_Party/SEGGER/Config/SEGGER_SYSVIEW_Config_FreeRTOS.o
 .debug_macro   0x00000d1e       0x8e 3rd_Party/SEGGER/Config/SEGGER_SYSVIEW_Config_FreeRTOS.o
 .debug_macro   0x00000dac       0x51 3rd_Party/SEGGER/Config/SEGGER_SYSVIEW_Config_FreeRTOS.o
 .debug_macro   0x00000dfd       0xef 3rd_Party/SEGGER/Config/SEGGER_SYSVIEW_Config_FreeRTOS.o
 .debug_macro   0x00000eec       0x6a 3rd_Party/SEGGER/Config/SEGGER_SYSVIEW_Config_FreeRTOS.o
 .debug_macro   0x00000f56      0x1df 3rd_Party/SEGGER/Config/SEGGER_SYSVIEW_Config_FreeRTOS.o
 .debug_macro   0x00001135      0x115 3rd_Party/SEGGER/Config/SEGGER_SYSVIEW_Config_FreeRTOS.o
 .debug_macro   0x0000124a       0x58 3rd_Party/SEGGER/Config/SEGGER_SYSVIEW_Config_FreeRTOS.o
 .debug_macro   0x000012a2       0x40 3rd_Party/SEGGER/Config/SEGGER_SYSVIEW_Config_FreeRTOS.o
 .debug_macro   0x000012e2       0x4c 3rd_Party/SEGGER/Config/SEGGER_SYSVIEW_Config_FreeRTOS.o
 .debug_macro   0x0000132e      0x1cd 3rd_Party/SEGGER/Config/SEGGER_SYSVIEW_Config_FreeRTOS.o
 .debug_macro   0x000014fb      0x45a 3rd_Party/SEGGER/Config/SEGGER_SYSVIEW_Config_FreeRTOS.o
 .debug_macro   0x00001955      0x15a 3rd_Party/SEGGER/Config/SEGGER_SYSVIEW_Config_FreeRTOS.o
 .debug_macro   0x00001aaf       0xe4 3rd_Party/SEGGER/Config/SEGGER_SYSVIEW_Config_FreeRTOS.o
 .debug_macro   0x00001b93       0x1c 3rd_Party/SEGGER/Config/SEGGER_SYSVIEW_Config_FreeRTOS.o
 .debug_macro   0x00001baf       0x26 3rd_Party/SEGGER/Config/SEGGER_SYSVIEW_Config_FreeRTOS.o
 .debug_macro   0x00001bd5      0x3a6 3rd_Party/SEGGER/Config/SEGGER_SYSVIEW_Config_FreeRTOS.o
 .debug_macro   0x00001f7b      0x1d0 3rd_Party/SEGGER/OS/SEGGER_SYSVIEW_FreeRTOS.o
 .debug_macro   0x0000214b       0xb5 3rd_Party/SEGGER/OS/SEGGER_SYSVIEW_FreeRTOS.o
 .debug_macro   0x00002200       0xaa 3rd_Party/SEGGER/OS/SEGGER_SYSVIEW_FreeRTOS.o
 .debug_macro   0x000022aa       0x5e 3rd_Party/SEGGER/OS/SEGGER_SYSVIEW_FreeRTOS.o
 .debug_macro   0x00002308       0x18 3rd_Party/SEGGER/OS/SEGGER_SYSVIEW_FreeRTOS.o
 .debug_macro   0x00002320       0x35 3rd_Party/SEGGER/OS/SEGGER_SYSVIEW_FreeRTOS.o
 .debug_macro   0x00002355       0x34 3rd_Party/SEGGER/OS/SEGGER_SYSVIEW_FreeRTOS.o
 .debug_macro   0x00002389       0x58 3rd_Party/SEGGER/OS/SEGGER_SYSVIEW_FreeRTOS.o
 .debug_macro   0x000023e1       0x1f 3rd_Party/SEGGER/OS/SEGGER_SYSVIEW_FreeRTOS.o
 .debug_macro   0x00002400       0x43 3rd_Party/SEGGER/OS/SEGGER_SYSVIEW_FreeRTOS.o
 .debug_macro   0x00002443       0x20 3rd_Party/SEGGER/OS/SEGGER_SYSVIEW_FreeRTOS.o
 .debug_macro   0x00002463      0x18e 3rd_Party/SEGGER/OS/SEGGER_SYSVIEW_FreeRTOS.o
 .debug_macro   0x000025f1      0x330 3rd_Party/SEGGER/OS/SEGGER_SYSVIEW_FreeRTOS.o
 .debug_macro   0x00002921       0x10 3rd_Party/SEGGER/OS/SEGGER_SYSVIEW_FreeRTOS.o
 .debug_macro   0x00002931       0x35 3rd_Party/SEGGER/OS/SEGGER_SYSVIEW_FreeRTOS.o
 .debug_macro   0x00002966      0x164 3rd_Party/SEGGER/SEGGER/SEGGER_RTT.o
 .debug_macro   0x00002aca       0x4f 3rd_Party/SEGGER/SEGGER/SEGGER_RTT.o
 .debug_macro   0x00002b19      0x115 3rd_Party/SEGGER/SEGGER/SEGGER_RTT.o
 .debug_macro   0x00002c2e       0x58 3rd_Party/SEGGER/SEGGER/SEGGER_RTT.o
 .debug_macro   0x00002c86       0x94 3rd_Party/SEGGER/SEGGER/SEGGER_RTT.o
 .debug_macro   0x00002d1a       0x57 3rd_Party/SEGGER/SEGGER/SEGGER_RTT.o
 .debug_macro   0x00002d71      0x1f8 3rd_Party/SEGGER/SEGGER/SEGGER_SYSVIEW.o
 .debug_macro   0x00002f69       0x65 3rd_Party/SEGGER/SEGGER/SEGGER_SYSVIEW.o
 .debug_macro   0x00002fce       0x35 3rd_Party/SEGGER/SEGGER/SEGGER_SYSVIEW.o
 .debug_macro   0x00003003      0x11b 3rd_Party/SEGGER/SEGGER/SEGGER_SYSVIEW.o
 .debug_macro   0x0000311e       0x16 3rd_Party/SEGGER/SEGGER/SEGGER_SYSVIEW.o
 .debug_macro   0x00003134       0x16 3rd_Party/SEGGER/SEGGER/SEGGER_SYSVIEW.o
 .debug_macro   0x0000314a       0x29 3rd_Party/SEGGER/SEGGER/SEGGER_SYSVIEW.o
 .debug_macro   0x00003173      0x1ba 3rd_Party/freeRTOS/org/Source/list.o
 .debug_macro   0x0000332d      0x2ae 3rd_Party/freeRTOS/org/Source/tasks.o
 .debug_macro   0x000035db       0x10 3rd_Party/freeRTOS/org/Source/tasks.o
 .debug_macro   0x000035eb      0x1d6 3rd_Party/freeRTOS/org/Source/portable/GCC/ARM_CM4F/port.o
 .debug_macro   0x000037c1      0x1e1 3rd_Party/freeRTOS/org/Source/portable/MemMang/heap_4.o
 .debug_macro   0x000039a2      0x1fc StdPeriph_Driver/src/stm32f4xx_gpio.o
 .debug_macro   0x00003b9e      0x33b StdPeriph_Driver/src/stm32f4xx_gpio.o
 .debug_macro   0x00003ed9      0x2cb StdPeriph_Driver/src/stm32f4xx_rcc.o
 .debug_macro   0x000041a4      0x214 StdPeriph_Driver/src/stm32f4xx_usart.o
 .debug_macro   0x000043b8      0x21d StdPeriph_Driver/src/stm32f4xx_usart.o
 .debug_macro   0x000045d5      0x421 src/main.o
 .debug_macro   0x000049f6       0x16 src/main.o
 .debug_macro   0x00004a0c       0x97 src/main.o
 .debug_macro   0x00004aa3       0xfd src/main.o
 .debug_macro   0x00004ba0       0x10 src/main.o
 .debug_macro   0x00004bb0       0x10 src/main.o
 .debug_macro   0x00004bc0       0x1c src/main.o
 .debug_macro   0x00004bdc       0x52 src/main.o
 .debug_macro   0x00004c2e       0x40 src/main.o
 .debug_macro   0x00004c6e       0x10 src/main.o
 .debug_macro   0x00004c7e       0x40 src/main.o
 .debug_macro   0x00004cbe       0xd7 src/main.o
 .debug_macro   0x00004d95       0x1c src/main.o
 .debug_macro   0x00004db1       0x3d src/main.o
 .debug_macro   0x00004dee       0x16 src/main.o
 .debug_macro   0x00004e04      0x16f src/main.o
 .debug_macro   0x00004f73      0x115 src/main.o
 .debug_macro   0x00005088       0x4c src/main.o
 .debug_macro   0x000050d4      0x243 src/syscalls.o
 .debug_macro   0x00005317       0x10 src/syscalls.o
 .debug_macro   0x00005327       0x10 src/syscalls.o
 .debug_macro   0x00005337       0x10 src/syscalls.o
 .debug_macro   0x00005347       0x35 src/syscalls.o
 .debug_macro   0x0000537c      0x122 src/syscalls.o
 .debug_macro   0x0000549e       0x10 src/syscalls.o
 .debug_macro   0x000054ae      0x241 src/syscalls.o
 .debug_macro   0x000056ef       0x1c src/syscalls.o
 .debug_macro   0x0000570b       0x10 src/syscalls.o
 .debug_macro   0x0000571b      0x189 src/syscalls.o
 .debug_macro   0x000058a4       0x16 src/syscalls.o
 .debug_macro   0x000058ba       0x88 src/syscalls.o
 .debug_macro   0x00005942      0x219 src/system_stm32f4xx.o

.debug_line     0x00000000     0x87d1
 .debug_line    0x00000000      0x55f 3rd_Party/SEGGER/Config/SEGGER_SYSVIEW_Config_FreeRTOS.o
 .debug_line    0x0000055f      0x6cf 3rd_Party/SEGGER/OS/SEGGER_SYSVIEW_FreeRTOS.o
 .debug_line    0x00000c2e      0x7dd 3rd_Party/SEGGER/SEGGER/SEGGER_RTT.o
 .debug_line    0x0000140b     0x16b0 3rd_Party/SEGGER/SEGGER/SEGGER_SYSVIEW.o
 .debug_line    0x00002abb      0x63e 3rd_Party/freeRTOS/org/Source/list.o
 .debug_line    0x000030f9     0x12d5 3rd_Party/freeRTOS/org/Source/tasks.o
 .debug_line    0x000043ce      0x774 3rd_Party/freeRTOS/org/Source/portable/GCC/ARM_CM4F/port.o
 .debug_line    0x00004b42      0x724 3rd_Party/freeRTOS/org/Source/portable/MemMang/heap_4.o
 .debug_line    0x00005266      0x80f StdPeriph_Driver/src/stm32f4xx_gpio.o
 .debug_line    0x00005a75      0xb8c StdPeriph_Driver/src/stm32f4xx_rcc.o
 .debug_line    0x00006601      0x955 StdPeriph_Driver/src/stm32f4xx_usart.o
 .debug_line    0x00006f56      0xad8 src/main.o
 .debug_line    0x00007a2e      0x60b src/syscalls.o
 .debug_line    0x00008039      0x71c src/system_stm32f4xx.o
 .debug_line    0x00008755       0x7c startup/startup_stm32.o

.debug_str      0x00000000    0x7f68e
 .debug_str     0x00000000     0xa499 3rd_Party/SEGGER/Config/SEGGER_SYSVIEW_Config_FreeRTOS.o
                               0xa6b1 (size before relaxing)
 .debug_str     0x0000a499     0x3a61 3rd_Party/SEGGER/OS/SEGGER_SYSVIEW_FreeRTOS.o
                               0xe07d (size before relaxing)
 .debug_str     0x0000defa      0xdc8 3rd_Party/SEGGER/SEGGER/SEGGER_RTT.o
                               0x6db2 (size before relaxing)
 .debug_str     0x0000ecc2     0x13e5 3rd_Party/SEGGER/SEGGER/SEGGER_SYSVIEW.o
                               0x8d57 (size before relaxing)
 .debug_str     0x000100a7      0x13e 3rd_Party/freeRTOS/org/Source/list.o
                               0xda8a (size before relaxing)
 .debug_str     0x000101e5     0x1d46 3rd_Party/freeRTOS/org/Source/tasks.o
                               0xfec7 (size before relaxing)
 .debug_str     0x00011f2b      0x7f9 3rd_Party/freeRTOS/org/Source/portable/GCC/ARM_CM4F/port.o
                               0xbc24 (size before relaxing)
 .debug_str     0x00012724      0x26d 3rd_Party/freeRTOS/org/Source/portable/MemMang/heap_4.o
                               0xe29a (size before relaxing)
 .debug_str     0x00012991    0x69451 StdPeriph_Driver/src/stm32f4xx_gpio.o
                              0x6d1f0 (size before relaxing)
 .debug_str     0x0007bde2      0xe86 StdPeriph_Driver/src/stm32f4xx_rcc.o
                              0x6ddcc (size before relaxing)
 .debug_str     0x0007cc68      0x53a StdPeriph_Driver/src/stm32f4xx_usart.o
                              0x6d503 (size before relaxing)
 .debug_str     0x0007d1a2     0x1418 src/main.o
                              0x7889d (size before relaxing)
 .debug_str     0x0007e5ba      0xf89 src/syscalls.o
                               0x85a0 (size before relaxing)
 .debug_str     0x0007f543      0x122 src/system_stm32f4xx.o
                              0x6d14f (size before relaxing)
 .debug_str     0x0007f665       0x29 startup/startup_stm32.o
                                 0x53 (size before relaxing)

.comment        0x00000000       0x7f
 .comment       0x00000000       0x7f 3rd_Party/SEGGER/Config/SEGGER_SYSVIEW_Config_FreeRTOS.o
                                 0x80 (size before relaxing)
 .comment       0x0000007f       0x80 3rd_Party/SEGGER/OS/SEGGER_SYSVIEW_FreeRTOS.o
 .comment       0x0000007f       0x80 3rd_Party/SEGGER/SEGGER/SEGGER_RTT.o
 .comment       0x0000007f       0x80 3rd_Party/SEGGER/SEGGER/SEGGER_SYSVIEW.o
 .comment       0x0000007f       0x80 3rd_Party/freeRTOS/org/Source/list.o
 .comment       0x0000007f       0x80 3rd_Party/freeRTOS/org/Source/tasks.o
 .comment       0x0000007f       0x80 3rd_Party/freeRTOS/org/Source/portable/GCC/ARM_CM4F/port.o
 .comment       0x0000007f       0x80 3rd_Party/freeRTOS/org/Source/portable/MemMang/heap_4.o
 .comment       0x0000007f       0x80 StdPeriph_Driver/src/stm32f4xx_gpio.o
 .comment       0x0000007f       0x80 StdPeriph_Driver/src/stm32f4xx_rcc.o
 .comment       0x0000007f       0x80 StdPeriph_Driver/src/stm32f4xx_usart.o
 .comment       0x0000007f       0x80 src/main.o
 .comment       0x0000007f       0x80 src/syscalls.o
 .comment       0x0000007f       0x80 src/system_stm32f4xx.o

.debug_frame    0x00000000     0x3e08
 .debug_frame   0x00000000       0x48 3rd_Party/SEGGER/Config/SEGGER_SYSVIEW_Config_FreeRTOS.o
 .debug_frame   0x00000048      0x100 3rd_Party/SEGGER/OS/SEGGER_SYSVIEW_FreeRTOS.o
 .debug_frame   0x00000148      0x478 3rd_Party/SEGGER/SEGGER/SEGGER_RTT.o
 .debug_frame   0x000005c0      0xb5c 3rd_Party/SEGGER/SEGGER/SEGGER_SYSVIEW.o
 .debug_frame   0x0000111c       0xd8 3rd_Party/freeRTOS/org/Source/list.o
 .debug_frame   0x000011f4      0x870 3rd_Party/freeRTOS/org/Source/tasks.o
 .debug_frame   0x00001a64      0x1a8 3rd_Party/freeRTOS/org/Source/portable/GCC/ARM_CM4F/port.o
 .debug_frame   0x00001c0c      0x108 3rd_Party/freeRTOS/org/Source/portable/MemMang/heap_4.o
 .debug_frame   0x00001d14      0x23c StdPeriph_Driver/src/stm32f4xx_gpio.o
 .debug_frame   0x00001f50      0x904 StdPeriph_Driver/src/stm32f4xx_rcc.o
 .debug_frame   0x00002854      0x490 StdPeriph_Driver/src/stm32f4xx_usart.o